[0.009s][info][gc] Using G1
[0.012s][info][gc,init] Version: 17.0.11+1-LTS (release)
[0.012s][info][gc,init] CPUs: 16 total, 16 available
[0.012s][info][gc,init] Memory: 15556M
[0.012s][info][gc,init] Large Page Support: Disabled
[0.012s][info][gc,init] NUMA Support: Disabled
[0.012s][info][gc,init] Compressed Oops: Enabled (Zero based)
[0.012s][info][gc,init] Heap Region Size: 2M
[0.012s][info][gc,init] Heap Min Capacity: 8M
[0.012s][info][gc,init] Heap Initial Capacity: 244M
[0.012s][info][gc,init] Heap Max Capacity: 3890M
[0.012s][info][gc,init] Pre-touch: Disabled
[0.012s][info][gc,init] Parallel Workers: 13
[0.012s][info][gc,init] Concurrent Workers: 3
[0.012s][info][gc,init] Concurrent Refinement Workers: 13
[0.012s][info][gc,init] Periodic GC: Disabled
[0.021s][info][gc,metaspace] CDS archive(s) mapped at: [0x00000227de000000-0x00000227debc0000-0x00000227debc0000), size 12320768, SharedBaseAddress: 0x00000227de000000, ArchiveRelocationMode: 1.
[0.021s][info][gc,metaspace] Compressed class space mapped at: 0x00000227df000000-0x000002281f000000, reserved size: 1073741824
[0.021s][info][gc,metaspace] Narrow klass base: 0x00000227de000000, Narrow klass shift: 0, Narrow klass range: 0x100000000
[0.624s][info][gc,start    ] GC(0) Pause Young (Normal) (G1 Evacuation Pause)
[0.625s][info][gc,task     ] GC(0) Using 5 workers of 13 for evacuation
[0.634s][info][gc,phases   ] GC(0)   Pre Evacuate Collection Set: 0.1ms
[0.634s][info][gc,phases   ] GC(0)   Merge Heap Roots: 0.2ms
[0.634s][info][gc,phases   ] GC(0)   Evacuate Collection Set: 8.7ms
[0.634s][info][gc,phases   ] GC(0)   Post Evacuate Collection Set: 0.7ms
[0.634s][info][gc,phases   ] GC(0)   Other: 0.7ms
[0.634s][info][gc,heap     ] GC(0) Eden regions: 11->0(12)
[0.634s][info][gc,heap     ] GC(0) Survivor regions: 0->2(2)
[0.634s][info][gc,heap     ] GC(0) Old regions: 0->1
[0.634s][info][gc,heap     ] GC(0) Archive regions: 0->0
[0.634s][info][gc,heap     ] GC(0) Humongous regions: 0->0
[0.634s][info][gc,metaspace] GC(0) Metaspace: 9525K(9728K)->9525K(9728K) NonClass: 8390K(8512K)->8390K(8512K) Class: 1134K(1216K)->1134K(1216K)
[0.635s][info][gc          ] GC(0) Pause Young (Normal) (G1 Evacuation Pause) 22M->5M(244M) 10.522ms
[0.635s][info][gc,cpu      ] GC(0) User=0.03s Sys=0.03s Real=0.01s
[0.704s][info][gc,start    ] GC(1) Pause Young (Concurrent Start) (G1 Humongous Allocation)
[0.704s][info][gc,task     ] GC(1) Using 5 workers of 13 for evacuation
[0.708s][info][gc,phases   ] GC(1)   Pre Evacuate Collection Set: 0.1ms
[0.708s][info][gc,phases   ] GC(1)   Merge Heap Roots: 0.0ms
[0.708s][info][gc,phases   ] GC(1)   Evacuate Collection Set: 3.5ms
[0.708s][info][gc,phases   ] GC(1)   Post Evacuate Collection Set: 0.4ms
[0.708s][info][gc,phases   ] GC(1)   Other: 0.3ms
[0.708s][info][gc,heap     ] GC(1) Eden regions: 1->0(27)
[0.708s][info][gc,heap     ] GC(1) Survivor regions: 2->1(2)
[0.708s][info][gc,heap     ] GC(1) Old regions: 1->3
[0.708s][info][gc,heap     ] GC(1) Archive regions: 0->0
[0.708s][info][gc,heap     ] GC(1) Humongous regions: 54->54
[0.708s][info][gc,metaspace] GC(1) Metaspace: 9661K(9920K)->9661K(9920K) NonClass: 8503K(8640K)->8503K(8640K) Class: 1158K(1280K)->1158K(1280K)
[0.708s][info][gc          ] GC(1) Pause Young (Concurrent Start) (G1 Humongous Allocation) 113M->113M(244M) 4.564ms
[0.708s][info][gc,cpu      ] GC(1) User=0.05s Sys=0.02s Real=0.01s
[0.709s][info][gc          ] GC(2) Concurrent Mark Cycle
[0.709s][info][gc,marking  ] GC(2) Concurrent Clear Claimed Marks
[0.709s][info][gc,marking  ] GC(2) Concurrent Clear Claimed Marks 0.024ms
[0.709s][info][gc,marking  ] GC(2) Concurrent Scan Root Regions
[0.711s][info][gc,marking  ] GC(2) Concurrent Scan Root Regions 1.922ms
[0.711s][info][gc,marking  ] GC(2) Concurrent Mark
[0.711s][info][gc,marking  ] GC(2) Concurrent Mark From Roots
[0.711s][info][gc,task     ] GC(2) Using 3 workers of 3 for marking
[0.712s][info][gc,marking  ] GC(2) Concurrent Mark From Roots 1.580ms
[0.712s][info][gc,marking  ] GC(2) Concurrent Preclean
[0.712s][info][gc,marking  ] GC(2) Concurrent Preclean 0.158ms
[0.712s][info][gc,start    ] GC(2) Pause Remark
[0.713s][info][gc          ] GC(2) Pause Remark 125M->125M(244M) 0.876ms
[0.713s][info][gc,cpu      ] GC(2) User=0.00s Sys=0.00s Real=0.00s
[0.713s][info][gc,marking  ] GC(2) Concurrent Mark 2.880ms
[0.713s][info][gc,marking  ] GC(2) Concurrent Rebuild Remembered Sets
[0.715s][info][gc,marking  ] GC(2) Concurrent Rebuild Remembered Sets 1.249ms
[0.716s][info][gc,start    ] GC(2) Pause Cleanup
[0.716s][info][gc          ] GC(2) Pause Cleanup 133M->133M(244M) 0.076ms
[0.716s][info][gc,cpu      ] GC(2) User=0.00s Sys=0.00s Real=0.00s
[0.716s][info][gc,marking  ] GC(2) Concurrent Cleanup for Next Mark
[0.717s][info][gc,marking  ] GC(2) Concurrent Cleanup for Next Mark 1.359ms
[0.717s][info][gc          ] GC(2) Concurrent Mark Cycle 8.806ms
[0.718s][info][gc,start    ] GC(3) Pause Young (Concurrent Start) (G1 Humongous Allocation)
[0.718s][info][gc,task     ] GC(3) Using 5 workers of 13 for evacuation
[0.718s][info][gc,phases   ] GC(3)   Pre Evacuate Collection Set: 0.0ms
[0.718s][info][gc,phases   ] GC(3)   Merge Heap Roots: 0.0ms
[0.718s][info][gc,phases   ] GC(3)   Evacuate Collection Set: 0.2ms
[0.718s][info][gc,phases   ] GC(3)   Post Evacuate Collection Set: 0.2ms
[0.718s][info][gc,phases   ] GC(3)   Other: 0.1ms
[0.718s][info][gc,heap     ] GC(3) Eden regions: 0->0(21)
[0.718s][info][gc,heap     ] GC(3) Survivor regions: 1->1(4)
[0.718s][info][gc,heap     ] GC(3) Old regions: 3->3
[0.718s][info][gc,heap     ] GC(3) Archive regions: 0->0
[0.718s][info][gc,heap     ] GC(3) Humongous regions: 66->66
[0.718s][info][gc,metaspace] GC(3) Metaspace: 9661K(9920K)->9661K(9920K) NonClass: 8503K(8640K)->8503K(8640K) Class: 1158K(1280K)->1158K(1280K)
[0.718s][info][gc          ] GC(3) Pause Young (Concurrent Start) (G1 Humongous Allocation) 137M->137M(244M) 0.655ms
[0.718s][info][gc,cpu      ] GC(3) User=0.00s Sys=0.00s Real=0.00s
[0.718s][info][gc          ] GC(4) Concurrent Mark Cycle
[0.718s][info][gc,marking  ] GC(4) Concurrent Clear Claimed Marks
[0.718s][info][gc,marking  ] GC(4) Concurrent Clear Claimed Marks 0.015ms
[0.718s][info][gc,marking  ] GC(4) Concurrent Scan Root Regions
[0.718s][info][gc,marking  ] GC(4) Concurrent Scan Root Regions 0.117ms
[0.719s][info][gc,marking  ] GC(4) Concurrent Mark
[0.719s][info][gc,marking  ] GC(4) Concurrent Mark From Roots
[0.719s][info][gc,task     ] GC(4) Using 3 workers of 3 for marking
[0.722s][info][gc,marking  ] GC(4) Concurrent Mark From Roots 3.271ms
[0.722s][info][gc,marking  ] GC(4) Concurrent Preclean
[0.722s][info][gc,marking  ] GC(4) Concurrent Preclean 0.151ms
[0.723s][info][gc,start    ] GC(4) Pause Remark
[0.724s][info][gc          ] GC(4) Pause Remark 154M->154M(264M) 0.826ms
[0.724s][info][gc,cpu      ] GC(4) User=0.00s Sys=0.00s Real=0.00s
[0.724s][info][gc,marking  ] GC(4) Concurrent Mark 5.196ms
[0.724s][info][gc,marking  ] GC(4) Concurrent Rebuild Remembered Sets
[0.725s][info][gc,marking  ] GC(4) Concurrent Rebuild Remembered Sets 1.262ms
[0.741s][info][gc,start    ] GC(4) Pause Cleanup
[0.741s][info][gc          ] GC(4) Pause Cleanup 162M->162M(264M) 0.109ms
[0.741s][info][gc,cpu      ] GC(4) User=0.00s Sys=0.00s Real=0.00s
[0.741s][info][gc,marking  ] GC(4) Concurrent Cleanup for Next Mark
[0.743s][info][gc,marking  ] GC(4) Concurrent Cleanup for Next Mark 1.487ms
[0.743s][info][gc          ] GC(4) Concurrent Mark Cycle 24.635ms
[0.743s][info][gc,start    ] GC(5) Pause Young (Concurrent Start) (G1 Humongous Allocation)
[0.743s][info][gc,task     ] GC(5) Using 6 workers of 13 for evacuation
[0.744s][info][gc,phases   ] GC(5)   Pre Evacuate Collection Set: 0.1ms
[0.744s][info][gc,phases   ] GC(5)   Merge Heap Roots: 0.1ms
[0.744s][info][gc,phases   ] GC(5)   Evacuate Collection Set: 0.2ms
[0.744s][info][gc,phases   ] GC(5)   Post Evacuate Collection Set: 0.2ms
[0.744s][info][gc,phases   ] GC(5)   Other: 0.1ms
[0.744s][info][gc,heap     ] GC(5) Eden regions: 1->0(22)
[0.744s][info][gc,heap     ] GC(5) Survivor regions: 1->1(3)
[0.744s][info][gc,heap     ] GC(5) Old regions: 3->3
[0.744s][info][gc,heap     ] GC(5) Archive regions: 0->0
[0.744s][info][gc,heap     ] GC(5) Humongous regions: 80->80
[0.744s][info][gc,metaspace] GC(5) Metaspace: 9661K(9920K)->9661K(9920K) NonClass: 8503K(8640K)->8503K(8640K) Class: 1158K(1280K)->1158K(1280K)
[0.744s][info][gc          ] GC(5) Pause Young (Concurrent Start) (G1 Humongous Allocation) 166M->165M(264M) 1.089ms
[0.744s][info][gc,cpu      ] GC(5) User=0.00s Sys=0.00s Real=0.00s
[0.744s][info][gc          ] GC(6) Concurrent Mark Cycle
[0.744s][info][gc,marking  ] GC(6) Concurrent Clear Claimed Marks
[0.744s][info][gc,marking  ] GC(6) Concurrent Clear Claimed Marks 0.027ms
[0.745s][info][gc,marking  ] GC(6) Concurrent Scan Root Regions
[0.745s][info][gc,marking  ] GC(6) Concurrent Scan Root Regions 0.136ms
[0.745s][info][gc,marking  ] GC(6) Concurrent Mark
[0.745s][info][gc,marking  ] GC(6) Concurrent Mark From Roots
[0.745s][info][gc,task     ] GC(6) Using 3 workers of 3 for marking
[0.748s][info][gc,marking  ] GC(6) Concurrent Mark From Roots 3.497ms
[0.748s][info][gc,marking  ] GC(6) Concurrent Preclean
[0.748s][info][gc,marking  ] GC(6) Concurrent Preclean 0.138ms
[0.748s][info][gc,start    ] GC(6) Pause Remark
[0.749s][info][gc          ] GC(6) Pause Remark 177M->177M(300M) 0.999ms
[0.749s][info][gc,cpu      ] GC(6) User=0.00s Sys=0.00s Real=0.00s
[0.750s][info][gc,marking  ] GC(6) Concurrent Mark 4.843ms
[0.750s][info][gc,marking  ] GC(6) Concurrent Rebuild Remembered Sets
[0.751s][info][gc,marking  ] GC(6) Concurrent Rebuild Remembered Sets 1.267ms
[0.752s][info][gc,start    ] GC(6) Pause Cleanup
[0.752s][info][gc          ] GC(6) Pause Cleanup 185M->185M(300M) 0.086ms
[0.752s][info][gc,cpu      ] GC(6) User=0.00s Sys=0.00s Real=0.00s
[0.752s][info][gc,marking  ] GC(6) Concurrent Cleanup for Next Mark
[0.752s][info][gc,marking  ] GC(6) Concurrent Cleanup for Next Mark 0.625ms
[0.752s][info][gc          ] GC(6) Concurrent Mark Cycle 8.062ms
[0.754s][info][gc,start    ] GC(7) Pause Young (Concurrent Start) (G1 Humongous Allocation)
[0.754s][info][gc,task     ] GC(7) Using 7 workers of 13 for evacuation
[0.754s][info][gc,phases   ] GC(7)   Pre Evacuate Collection Set: 0.1ms
[0.754s][info][gc,phases   ] GC(7)   Merge Heap Roots: 0.1ms
[0.754s][info][gc,phases   ] GC(7)   Evacuate Collection Set: 0.2ms
[0.754s][info][gc,phases   ] GC(7)   Post Evacuate Collection Set: 0.1ms
[0.754s][info][gc,phases   ] GC(7)   Other: 0.1ms
[0.754s][info][gc,heap     ] GC(7) Eden regions: 0->0(25)
[0.754s][info][gc,heap     ] GC(7) Survivor regions: 1->1(3)
[0.754s][info][gc,heap     ] GC(7) Old regions: 3->3
[0.754s][info][gc,heap     ] GC(7) Archive regions: 0->0
[0.754s][info][gc,heap     ] GC(7) Humongous regions: 92->92
[0.754s][info][gc,metaspace] GC(7) Metaspace: 9661K(9920K)->9661K(9920K) NonClass: 8503K(8640K)->8503K(8640K) Class: 1158K(1280K)->1158K(1280K)
[0.754s][info][gc          ] GC(7) Pause Young (Concurrent Start) (G1 Humongous Allocation) 189M->189M(300M) 0.766ms
[0.754s][info][gc,cpu      ] GC(7) User=0.00s Sys=0.00s Real=0.00s
[0.754s][info][gc          ] GC(8) Concurrent Mark Cycle
[0.754s][info][gc,marking  ] GC(8) Concurrent Clear Claimed Marks
[0.754s][info][gc,marking  ] GC(8) Concurrent Clear Claimed Marks 0.015ms
[0.754s][info][gc,marking  ] GC(8) Concurrent Scan Root Regions
[0.755s][info][gc,marking  ] GC(8) Concurrent Scan Root Regions 0.186ms
[0.755s][info][gc,marking  ] GC(8) Concurrent Mark
[0.755s][info][gc,marking  ] GC(8) Concurrent Mark From Roots
[0.755s][info][gc,task     ] GC(8) Using 3 workers of 3 for marking
[0.758s][info][gc,marking  ] GC(8) Concurrent Mark From Roots 3.102ms
[0.758s][info][gc,marking  ] GC(8) Concurrent Preclean
[0.758s][info][gc,marking  ] GC(8) Concurrent Preclean 0.172ms
[0.759s][info][gc,start    ] GC(8) Pause Remark
[0.760s][info][gc          ] GC(8) Pause Remark 205M->205M(348M) 0.957ms
[0.760s][info][gc,cpu      ] GC(8) User=0.00s Sys=0.00s Real=0.00s
[0.760s][info][gc,marking  ] GC(8) Concurrent Mark 5.322ms
[0.760s][info][gc,marking  ] GC(8) Concurrent Rebuild Remembered Sets
[0.761s][info][gc,marking  ] GC(8) Concurrent Rebuild Remembered Sets 1.355ms
[0.761s][info][gc,start    ] GC(8) Pause Cleanup
[0.761s][info][gc          ] GC(8) Pause Cleanup 206M->206M(348M) 0.066ms
[0.761s][info][gc,cpu      ] GC(8) User=0.00s Sys=0.00s Real=0.00s
[0.762s][info][gc,marking  ] GC(8) Concurrent Cleanup for Next Mark
[0.762s][info][gc,marking  ] GC(8) Concurrent Cleanup for Next Mark 0.586ms
[0.762s][info][gc          ] GC(8) Concurrent Mark Cycle 7.741ms
[0.869s][info][gc,start    ] GC(9) Pause Young (Concurrent Start) (G1 Humongous Allocation)
[0.870s][info][gc,task     ] GC(9) Using 8 workers of 13 for evacuation
[0.871s][info][gc,phases   ] GC(9)   Pre Evacuate Collection Set: 0.1ms
[0.871s][info][gc,phases   ] GC(9)   Merge Heap Roots: 0.1ms
[0.871s][info][gc,phases   ] GC(9)   Evacuate Collection Set: 0.4ms
[0.871s][info][gc,phases   ] GC(9)   Post Evacuate Collection Set: 0.7ms
[0.871s][info][gc,phases   ] GC(9)   Other: 0.4ms
[0.871s][info][gc,heap     ] GC(9) Eden regions: 1->0(59)
[0.871s][info][gc,heap     ] GC(9) Survivor regions: 1->1(4)
[0.871s][info][gc,heap     ] GC(9) Old regions: 3->3
[0.871s][info][gc,heap     ] GC(9) Archive regions: 0->0
[0.871s][info][gc,heap     ] GC(9) Humongous regions: 100->98
[0.871s][info][gc,metaspace] GC(9) Metaspace: 9661K(9920K)->9661K(9920K) NonClass: 8503K(8640K)->8503K(8640K) Class: 1158K(1280K)->1158K(1280K)
[0.871s][info][gc          ] GC(9) Pause Young (Concurrent Start) (G1 Humongous Allocation) 206M->201M(418M) 1.736ms
[0.871s][info][gc,cpu      ] GC(9) User=0.00s Sys=0.00s Real=0.00s
[0.871s][info][gc          ] GC(10) Concurrent Mark Cycle
[0.871s][info][gc,marking  ] GC(10) Concurrent Clear Claimed Marks
[0.871s][info][gc,marking  ] GC(10) Concurrent Clear Claimed Marks 0.025ms
[0.871s][info][gc,marking  ] GC(10) Concurrent Scan Root Regions
[0.871s][info][gc,marking  ] GC(10) Concurrent Scan Root Regions 0.209ms
[0.871s][info][gc,marking  ] GC(10) Concurrent Mark
[0.871s][info][gc,marking  ] GC(10) Concurrent Mark From Roots
[0.872s][info][gc,task     ] GC(10) Using 3 workers of 3 for marking
[0.877s][info][gc,marking  ] GC(10) Concurrent Mark From Roots 5.974ms
[0.877s][info][gc,marking  ] GC(10) Concurrent Preclean
[0.878s][info][gc,marking  ] GC(10) Concurrent Preclean 0.180ms
[0.878s][info][gc,start    ] GC(10) Pause Remark
[0.879s][info][gc          ] GC(10) Pause Remark 205M->205M(418M) 1.676ms
[0.879s][info][gc,cpu      ] GC(10) User=0.00s Sys=0.00s Real=0.00s
[0.879s][info][gc,marking  ] GC(10) Concurrent Mark 7.988ms
[0.879s][info][gc,marking  ] GC(10) Concurrent Rebuild Remembered Sets
[0.881s][info][gc,marking  ] GC(10) Concurrent Rebuild Remembered Sets 1.815ms
[0.881s][info][gc,start    ] GC(10) Pause Cleanup
[0.881s][info][gc          ] GC(10) Pause Cleanup 205M->205M(418M) 0.079ms
[0.881s][info][gc,cpu      ] GC(10) User=0.00s Sys=0.00s Real=0.00s
[0.881s][info][gc,marking  ] GC(10) Concurrent Cleanup for Next Mark
[0.883s][info][gc,marking  ] GC(10) Concurrent Cleanup for Next Mark 1.219ms
[0.883s][info][gc          ] GC(10) Concurrent Mark Cycle 11.556ms
[1.095s][info][gc,start    ] GC(11) Pause Young (Concurrent Start) (G1 Humongous Allocation)
[1.095s][info][gc,task     ] GC(11) Using 10 workers of 13 for evacuation
[1.096s][info][gc,phases   ] GC(11)   Pre Evacuate Collection Set: 0.1ms
[1.096s][info][gc,phases   ] GC(11)   Merge Heap Roots: 0.1ms
[1.096s][info][gc,phases   ] GC(11)   Evacuate Collection Set: 1.0ms
[1.096s][info][gc,phases   ] GC(11)   Post Evacuate Collection Set: 0.2ms
[1.096s][info][gc,phases   ] GC(11)   Other: 0.5ms
[1.096s][info][gc,heap     ] GC(11) Eden regions: 1->0(66)
[1.097s][info][gc,heap     ] GC(11) Survivor regions: 1->1(8)
[1.097s][info][gc,heap     ] GC(11) Old regions: 3->3
[1.097s][info][gc,heap     ] GC(11) Archive regions: 0->0
[1.097s][info][gc,heap     ] GC(11) Humongous regions: 100->94
[1.097s][info][gc,metaspace] GC(11) Metaspace: 9661K(9920K)->9661K(9920K) NonClass: 8503K(8640K)->8503K(8640K) Class: 1158K(1280K)->1158K(1280K)
[1.097s][info][gc          ] GC(11) Pause Young (Concurrent Start) (G1 Humongous Allocation) 206M->193M(418M) 2.066ms
[1.097s][info][gc,cpu      ] GC(11) User=0.00s Sys=0.02s Real=0.00s
[1.097s][info][gc          ] GC(12) Concurrent Mark Cycle
[1.097s][info][gc,marking  ] GC(12) Concurrent Clear Claimed Marks
[1.097s][info][gc,marking  ] GC(12) Concurrent Clear Claimed Marks 0.023ms
[1.097s][info][gc,marking  ] GC(12) Concurrent Scan Root Regions
[1.097s][info][gc,marking  ] GC(12) Concurrent Scan Root Regions 0.356ms
[1.097s][info][gc,marking  ] GC(12) Concurrent Mark
[1.097s][info][gc,marking  ] GC(12) Concurrent Mark From Roots
[1.097s][info][gc,task     ] GC(12) Using 3 workers of 3 for marking
[1.103s][info][gc,marking  ] GC(12) Concurrent Mark From Roots 5.463ms
[1.103s][info][gc,marking  ] GC(12) Concurrent Preclean
[1.103s][info][gc,marking  ] GC(12) Concurrent Preclean 0.243ms
[1.103s][info][gc,start    ] GC(12) Pause Remark
[1.105s][info][gc          ] GC(12) Pause Remark 197M->197M(418M) 1.685ms
[1.105s][info][gc,cpu      ] GC(12) User=0.00s Sys=0.00s Real=0.00s
[1.105s][info][gc,marking  ] GC(12) Concurrent Mark 7.590ms
[1.105s][info][gc,marking  ] GC(12) Concurrent Rebuild Remembered Sets
[1.107s][info][gc,marking  ] GC(12) Concurrent Rebuild Remembered Sets 2.084ms
[1.107s][info][gc,start    ] GC(12) Pause Cleanup
[1.107s][info][gc          ] GC(12) Pause Cleanup 197M->197M(418M) 0.207ms
[1.107s][info][gc,cpu      ] GC(12) User=0.00s Sys=0.02s Real=0.00s
[1.107s][info][gc,marking  ] GC(12) Concurrent Cleanup for Next Mark
[1.108s][info][gc,marking  ] GC(12) Concurrent Cleanup for Next Mark 1.122ms
[1.108s][info][gc          ] GC(12) Concurrent Mark Cycle 11.693ms
[1.290s][info][gc,start    ] GC(13) Pause Young (Concurrent Start) (G1 Humongous Allocation)
[1.290s][info][gc,task     ] GC(13) Using 10 workers of 13 for evacuation
[1.291s][info][gc,phases   ] GC(13)   Pre Evacuate Collection Set: 0.1ms
[1.291s][info][gc,phases   ] GC(13)   Merge Heap Roots: 0.0ms
[1.291s][info][gc,phases   ] GC(13)   Evacuate Collection Set: 0.3ms
[1.291s][info][gc,phases   ] GC(13)   Post Evacuate Collection Set: 0.2ms
[1.291s][info][gc,phases   ] GC(13)   Other: 0.3ms
[1.291s][info][gc,heap     ] GC(13) Eden regions: 0->0(75)
[1.291s][info][gc,heap     ] GC(13) Survivor regions: 1->1(9)
[1.291s][info][gc,heap     ] GC(13) Old regions: 3->3
[1.291s][info][gc,heap     ] GC(13) Archive regions: 0->0
[1.291s][info][gc,heap     ] GC(13) Humongous regions: 96->82
[1.291s][info][gc,metaspace] GC(13) Metaspace: 9661K(9920K)->9661K(9920K) NonClass: 8503K(8640K)->8503K(8640K) Class: 1158K(1280K)->1158K(1280K)
[1.291s][info][gc          ] GC(13) Pause Young (Concurrent Start) (G1 Humongous Allocation) 197M->169M(418M) 1.061ms
[1.291s][info][gc,cpu      ] GC(13) User=0.00s Sys=0.00s Real=0.00s
[1.292s][info][gc          ] GC(14) Concurrent Undo Cycle
[1.292s][info][gc,marking  ] GC(14) Concurrent Cleanup for Next Mark
[1.292s][info][gc,marking  ] GC(14) Concurrent Cleanup for Next Mark 0.367ms
[1.292s][info][gc          ] GC(14) Concurrent Undo Cycle 0.443ms
[1.569s][info][gc,start    ] GC(15) Pause Young (Concurrent Start) (G1 Humongous Allocation)
[1.569s][info][gc,task     ] GC(15) Using 10 workers of 13 for evacuation
[1.570s][info][gc,phases   ] GC(15)   Pre Evacuate Collection Set: 0.1ms
[1.570s][info][gc,phases   ] GC(15)   Merge Heap Roots: 0.1ms
[1.570s][info][gc,phases   ] GC(15)   Evacuate Collection Set: 0.4ms
[1.570s][info][gc,phases   ] GC(15)   Post Evacuate Collection Set: 0.3ms
[1.570s][info][gc,phases   ] GC(15)   Other: 0.3ms
[1.570s][info][gc,heap     ] GC(15) Eden regions: 1->0(83)
[1.570s][info][gc,heap     ] GC(15) Survivor regions: 1->1(10)
[1.570s][info][gc,heap     ] GC(15) Old regions: 3->3
[1.570s][info][gc,heap     ] GC(15) Archive regions: 0->0
[1.570s][info][gc,heap     ] GC(15) Humongous regions: 92->78
[1.570s][info][gc,metaspace] GC(15) Metaspace: 9661K(9920K)->9661K(9920K) NonClass: 8503K(8640K)->8503K(8640K) Class: 1158K(1280K)->1158K(1280K)
[1.570s][info][gc          ] GC(15) Pause Young (Concurrent Start) (G1 Humongous Allocation) 190M->161M(418M) 1.450ms
[1.570s][info][gc,cpu      ] GC(15) User=0.00s Sys=0.00s Real=0.00s
[1.570s][info][gc          ] GC(16) Concurrent Undo Cycle
[1.570s][info][gc,marking  ] GC(16) Concurrent Cleanup for Next Mark
[1.571s][info][gc,marking  ] GC(16) Concurrent Cleanup for Next Mark 0.386ms
[1.571s][info][gc          ] GC(16) Concurrent Undo Cycle 0.488ms
[2.009s][info][gc,start    ] GC(17) Pause Young (Concurrent Start) (G1 Humongous Allocation)
[2.009s][info][gc,task     ] GC(17) Using 10 workers of 13 for evacuation
[2.011s][info][gc,phases   ] GC(17)   Pre Evacuate Collection Set: 0.1ms
[2.011s][info][gc,phases   ] GC(17)   Merge Heap Roots: 0.1ms
[2.011s][info][gc,phases   ] GC(17)   Evacuate Collection Set: 0.3ms
[2.011s][info][gc,phases   ] GC(17)   Post Evacuate Collection Set: 0.4ms
[2.011s][info][gc,phases   ] GC(17)   Other: 0.3ms
[2.011s][info][gc,heap     ] GC(17) Eden regions: 1->0(81)
[2.011s][info][gc,heap     ] GC(17) Survivor regions: 1->1(11)
[2.011s][info][gc,heap     ] GC(17) Old regions: 3->3
[2.011s][info][gc,heap     ] GC(17) Archive regions: 0->0
[2.011s][info][gc,heap     ] GC(17) Humongous regions: 92->84
[2.011s][info][gc,metaspace] GC(17) Metaspace: 9661K(9920K)->9661K(9920K) NonClass: 8503K(8640K)->8503K(8640K) Class: 1158K(1280K)->1158K(1280K)
[2.011s][info][gc          ] GC(17) Pause Young (Concurrent Start) (G1 Humongous Allocation) 190M->173M(418M) 1.413ms
[2.011s][info][gc,cpu      ] GC(17) User=0.00s Sys=0.00s Real=0.00s
[2.011s][info][gc          ] GC(18) Concurrent Undo Cycle
[2.011s][info][gc,marking  ] GC(18) Concurrent Cleanup for Next Mark
[2.011s][info][gc,marking  ] GC(18) Concurrent Cleanup for Next Mark 0.388ms
[2.011s][info][gc          ] GC(18) Concurrent Undo Cycle 0.447ms
[2.248s][info][gc,start    ] GC(19) Pause Young (Concurrent Start) (G1 Humongous Allocation)
[2.248s][info][gc,task     ] GC(19) Using 10 workers of 13 for evacuation
[2.249s][info][gc,phases   ] GC(19)   Pre Evacuate Collection Set: 0.1ms
[2.249s][info][gc,phases   ] GC(19)   Merge Heap Roots: 0.0ms
[2.249s][info][gc,phases   ] GC(19)   Evacuate Collection Set: 0.2ms
[2.249s][info][gc,phases   ] GC(19)   Post Evacuate Collection Set: 0.2ms
[2.249s][info][gc,phases   ] GC(19)   Other: 0.2ms
[2.249s][info][gc,heap     ] GC(19) Eden regions: 1->0(82)
[2.249s][info][gc,heap     ] GC(19) Survivor regions: 1->1(11)
[2.249s][info][gc,heap     ] GC(19) Old regions: 3->3
[2.249s][info][gc,heap     ] GC(19) Archive regions: 0->0
[2.249s][info][gc,heap     ] GC(19) Humongous regions: 92->86
[2.249s][info][gc,metaspace] GC(19) Metaspace: 9661K(9920K)->9661K(9920K) NonClass: 8503K(8640K)->8503K(8640K) Class: 1158K(1280K)->1158K(1280K)
[2.249s][info][gc          ] GC(19) Pause Young (Concurrent Start) (G1 Humongous Allocation) 190M->177M(418M) 0.988ms
[2.249s][info][gc,cpu      ] GC(19) User=0.00s Sys=0.00s Real=0.00s
[2.249s][info][gc          ] GC(20) Concurrent Undo Cycle
[2.249s][info][gc,marking  ] GC(20) Concurrent Cleanup for Next Mark
[2.250s][info][gc,marking  ] GC(20) Concurrent Cleanup for Next Mark 0.334ms
[2.250s][info][gc          ] GC(20) Concurrent Undo Cycle 0.380ms
[2.393s][info][gc,start    ] GC(21) Pause Young (Concurrent Start) (G1 Humongous Allocation)
[2.393s][info][gc,task     ] GC(21) Using 10 workers of 13 for evacuation
[2.394s][info][gc,phases   ] GC(21)   Pre Evacuate Collection Set: 0.1ms
[2.394s][info][gc,phases   ] GC(21)   Merge Heap Roots: 0.1ms
[2.394s][info][gc,phases   ] GC(21)   Evacuate Collection Set: 0.3ms
[2.394s][info][gc,phases   ] GC(21)   Post Evacuate Collection Set: 0.2ms
[2.394s][info][gc,phases   ] GC(21)   Other: 0.2ms
[2.394s][info][gc,heap     ] GC(21) Eden regions: 1->0(77)
[2.394s][info][gc,heap     ] GC(21) Survivor regions: 1->1(11)
[2.394s][info][gc,heap     ] GC(21) Old regions: 3->3
[2.394s][info][gc,heap     ] GC(21) Archive regions: 0->0
[2.394s][info][gc,heap     ] GC(21) Humongous regions: 92->92
[2.394s][info][gc,metaspace] GC(21) Metaspace: 9661K(9920K)->9661K(9920K) NonClass: 8503K(8640K)->8503K(8640K) Class: 1158K(1280K)->1158K(1280K)
[2.394s][info][gc          ] GC(21) Pause Young (Concurrent Start) (G1 Humongous Allocation) 190M->189M(418M) 1.081ms
[2.394s][info][gc,cpu      ] GC(21) User=0.00s Sys=0.00s Real=0.00s
[2.394s][info][gc          ] GC(22) Concurrent Mark Cycle
[2.394s][info][gc,marking  ] GC(22) Concurrent Clear Claimed Marks
[2.394s][info][gc,marking  ] GC(22) Concurrent Clear Claimed Marks 0.020ms
[2.394s][info][gc,marking  ] GC(22) Concurrent Scan Root Regions
[2.394s][info][gc,marking  ] GC(22) Concurrent Scan Root Regions 0.211ms
[2.394s][info][gc,marking  ] GC(22) Concurrent Mark
[2.394s][info][gc,marking  ] GC(22) Concurrent Mark From Roots
[2.394s][info][gc,task     ] GC(22) Using 3 workers of 3 for marking
[2.398s][info][gc,marking  ] GC(22) Concurrent Mark From Roots 4.093ms
[2.398s][info][gc,marking  ] GC(22) Concurrent Preclean
[2.399s][info][gc,marking  ] GC(22) Concurrent Preclean 0.133ms
[2.399s][info][gc,start    ] GC(22) Pause Remark
[2.399s][info][gc          ] GC(22) Pause Remark 193M->193M(418M) 0.821ms
[2.399s][info][gc,cpu      ] GC(22) User=0.00s Sys=0.00s Real=0.00s
[2.399s][info][gc,marking  ] GC(22) Concurrent Mark 5.205ms
[2.399s][info][gc,marking  ] GC(22) Concurrent Rebuild Remembered Sets
[2.401s][info][gc,marking  ] GC(22) Concurrent Rebuild Remembered Sets 1.650ms
[2.401s][info][gc,start    ] GC(22) Pause Cleanup
[2.401s][info][gc          ] GC(22) Pause Cleanup 193M->193M(418M) 0.079ms
[2.401s][info][gc,cpu      ] GC(22) User=0.00s Sys=0.00s Real=0.00s
[2.401s][info][gc,marking  ] GC(22) Concurrent Cleanup for Next Mark
[2.402s][info][gc,marking  ] GC(22) Concurrent Cleanup for Next Mark 0.332ms
[2.402s][info][gc          ] GC(22) Concurrent Mark Cycle 7.727ms
[2.448s][info][gc,start    ] GC(23) Pause Young (Concurrent Start) (G1 Humongous Allocation)
[2.448s][info][gc,task     ] GC(23) Using 10 workers of 13 for evacuation
[2.448s][info][gc,phases   ] GC(23)   Pre Evacuate Collection Set: 0.1ms
[2.448s][info][gc,phases   ] GC(23)   Merge Heap Roots: 0.1ms
[2.448s][info][gc,phases   ] GC(23)   Evacuate Collection Set: 0.2ms
[2.448s][info][gc,phases   ] GC(23)   Post Evacuate Collection Set: 0.3ms
[2.449s][info][gc,phases   ] GC(23)   Other: 0.2ms
[2.449s][info][gc,heap     ] GC(23) Eden regions: 0->0(75)
[2.449s][info][gc,heap     ] GC(23) Survivor regions: 1->1(10)
[2.449s][info][gc,heap     ] GC(23) Old regions: 3->3
[2.449s][info][gc,heap     ] GC(23) Archive regions: 0->0
[2.449s][info][gc,heap     ] GC(23) Humongous regions: 94->94
[2.449s][info][gc,metaspace] GC(23) Metaspace: 9661K(9920K)->9661K(9920K) NonClass: 8503K(8640K)->8503K(8640K) Class: 1158K(1280K)->1158K(1280K)
[2.449s][info][gc          ] GC(23) Pause Young (Concurrent Start) (G1 Humongous Allocation) 193M->193M(418M) 1.103ms
[2.449s][info][gc,cpu      ] GC(23) User=0.00s Sys=0.00s Real=0.00s
[2.449s][info][gc          ] GC(24) Concurrent Mark Cycle
[2.449s][info][gc,marking  ] GC(24) Concurrent Clear Claimed Marks
[2.449s][info][gc,marking  ] GC(24) Concurrent Clear Claimed Marks 0.022ms
[2.449s][info][gc,marking  ] GC(24) Concurrent Scan Root Regions
[2.449s][info][gc,marking  ] GC(24) Concurrent Scan Root Regions 0.229ms
[2.449s][info][gc,marking  ] GC(24) Concurrent Mark
[2.449s][info][gc,marking  ] GC(24) Concurrent Mark From Roots
[2.449s][info][gc,task     ] GC(24) Using 3 workers of 3 for marking
[2.454s][info][gc,marking  ] GC(24) Concurrent Mark From Roots 4.582ms
[2.454s][info][gc,marking  ] GC(24) Concurrent Preclean
[2.454s][info][gc,marking  ] GC(24) Concurrent Preclean 0.166ms
[2.454s][info][gc,start    ] GC(24) Pause Remark
[2.455s][info][gc          ] GC(24) Pause Remark 197M->197M(418M) 1.207ms
[2.455s][info][gc,cpu      ] GC(24) User=0.00s Sys=0.02s Real=0.00s
[2.455s][info][gc,marking  ] GC(24) Concurrent Mark 6.243ms
[2.455s][info][gc,marking  ] GC(24) Concurrent Rebuild Remembered Sets
[2.457s][info][gc,marking  ] GC(24) Concurrent Rebuild Remembered Sets 1.810ms
[2.457s][info][gc,start    ] GC(24) Pause Cleanup
[2.457s][info][gc          ] GC(24) Pause Cleanup 197M->197M(418M) 0.107ms
[2.457s][info][gc,cpu      ] GC(24) User=0.00s Sys=0.00s Real=0.00s
[2.457s][info][gc,marking  ] GC(24) Concurrent Cleanup for Next Mark
[2.458s][info][gc,marking  ] GC(24) Concurrent Cleanup for Next Mark 0.381ms
[2.458s][info][gc          ] GC(24) Concurrent Mark Cycle 9.132ms
[2.536s][info][gc,start    ] GC(25) Pause Young (Concurrent Start) (G1 Humongous Allocation)
[2.536s][info][gc,task     ] GC(25) Using 10 workers of 13 for evacuation
[2.537s][info][gc,phases   ] GC(25)   Pre Evacuate Collection Set: 0.1ms
[2.538s][info][gc,phases   ] GC(25)   Merge Heap Roots: 0.1ms
[2.538s][info][gc,phases   ] GC(25)   Evacuate Collection Set: 0.2ms
[2.538s][info][gc,phases   ] GC(25)   Post Evacuate Collection Set: 0.8ms
[2.538s][info][gc,phases   ] GC(25)   Other: 0.3ms
[2.538s][info][gc,heap     ] GC(25) Eden regions: 1->0(125)
[2.538s][info][gc,heap     ] GC(25) Survivor regions: 1->1(10)
[2.538s][info][gc,heap     ] GC(25) Old regions: 3->3
[2.538s][info][gc,heap     ] GC(25) Archive regions: 0->0
[2.538s][info][gc,heap     ] GC(25) Humongous regions: 96->96
[2.538s][info][gc,metaspace] GC(25) Metaspace: 9661K(9920K)->9661K(9920K) NonClass: 8503K(8640K)->8503K(8640K) Class: 1158K(1280K)->1158K(1280K)
[2.538s][info][gc          ] GC(25) Pause Young (Concurrent Start) (G1 Humongous Allocation) 198M->197M(544M) 1.576ms
[2.538s][info][gc,cpu      ] GC(25) User=0.00s Sys=0.00s Real=0.00s
[2.538s][info][gc          ] GC(26) Concurrent Undo Cycle
[2.538s][info][gc,marking  ] GC(26) Concurrent Cleanup for Next Mark
[2.539s][info][gc,marking  ] GC(26) Concurrent Cleanup for Next Mark 0.839ms
[2.539s][info][gc          ] GC(26) Concurrent Undo Cycle 0.909ms
[3.443s][info][gc,start    ] GC(27) Pause Young (Concurrent Start) (G1 Humongous Allocation)
[3.444s][info][gc,task     ] GC(27) Using 13 workers of 13 for evacuation
[3.445s][info][gc,phases   ] GC(27)   Pre Evacuate Collection Set: 0.1ms
[3.445s][info][gc,phases   ] GC(27)   Merge Heap Roots: 0.1ms
[3.445s][info][gc,phases   ] GC(27)   Evacuate Collection Set: 0.2ms
[3.445s][info][gc,phases   ] GC(27)   Post Evacuate Collection Set: 0.3ms
[3.445s][info][gc,phases   ] GC(27)   Other: 1.2ms
[3.445s][info][gc,heap     ] GC(27) Eden regions: 1->0(128)
[3.445s][info][gc,heap     ] GC(27) Survivor regions: 1->1(16)
[3.445s][info][gc,heap     ] GC(27) Old regions: 3->3
[3.445s][info][gc,heap     ] GC(27) Archive regions: 0->0
[3.445s][info][gc,heap     ] GC(27) Humongous regions: 120->96
[3.445s][info][gc,metaspace] GC(27) Metaspace: 9661K(9920K)->9661K(9920K) NonClass: 8503K(8640K)->8503K(8640K) Class: 1158K(1280K)->1158K(1280K)
[3.445s][info][gc          ] GC(27) Pause Young (Concurrent Start) (G1 Humongous Allocation) 246M->197M(544M) 2.090ms
[3.445s][info][gc,cpu      ] GC(27) User=0.00s Sys=0.00s Real=0.00s
[3.446s][info][gc          ] GC(28) Concurrent Undo Cycle
[3.446s][info][gc,marking  ] GC(28) Concurrent Cleanup for Next Mark
[3.446s][info][gc,marking  ] GC(28) Concurrent Cleanup for Next Mark 0.585ms
[3.446s][info][gc          ] GC(28) Concurrent Undo Cycle 0.667ms
[4.505s][info][gc,start    ] GC(29) Pause Young (Concurrent Start) (G1 Humongous Allocation)
[4.505s][info][gc,task     ] GC(29) Using 13 workers of 13 for evacuation
[4.506s][info][gc,phases   ] GC(29)   Pre Evacuate Collection Set: 0.1ms
[4.506s][info][gc,phases   ] GC(29)   Merge Heap Roots: 0.1ms
[4.506s][info][gc,phases   ] GC(29)   Evacuate Collection Set: 0.2ms
[4.506s][info][gc,phases   ] GC(29)   Post Evacuate Collection Set: 0.2ms
[4.506s][info][gc,phases   ] GC(29)   Other: 0.3ms
[4.506s][info][gc,heap     ] GC(29) Eden regions: 1->0(137)
[4.506s][info][gc,heap     ] GC(29) Survivor regions: 1->1(17)
[4.506s][info][gc,heap     ] GC(29) Old regions: 3->3
[4.506s][info][gc,heap     ] GC(29) Archive regions: 0->0
[4.506s][info][gc,heap     ] GC(29) Humongous regions: 120->90
[4.506s][info][gc,metaspace] GC(29) Metaspace: 9661K(9920K)->9661K(9920K) NonClass: 8503K(8640K)->8503K(8640K) Class: 1158K(1280K)->1158K(1280K)
[4.506s][info][gc          ] GC(29) Pause Young (Concurrent Start) (G1 Humongous Allocation) 247M->185M(544M) 1.206ms
[4.506s][info][gc,cpu      ] GC(29) User=0.00s Sys=0.00s Real=0.00s
[4.506s][info][gc          ] GC(30) Concurrent Undo Cycle
[4.506s][info][gc,marking  ] GC(30) Concurrent Cleanup for Next Mark
[4.506s][info][gc,marking  ] GC(30) Concurrent Cleanup for Next Mark 0.464ms
[4.507s][info][gc          ] GC(30) Concurrent Undo Cycle 0.528ms
[5.825s][info][gc,start    ] GC(31) Pause Young (Concurrent Start) (G1 Humongous Allocation)
[5.825s][info][gc,task     ] GC(31) Using 13 workers of 13 for evacuation
[5.825s][info][gc,phases   ] GC(31)   Pre Evacuate Collection Set: 0.1ms
[5.826s][info][gc,phases   ] GC(31)   Merge Heap Roots: 0.1ms
[5.826s][info][gc,phases   ] GC(31)   Evacuate Collection Set: 0.3ms
[5.826s][info][gc,phases   ] GC(31)   Post Evacuate Collection Set: 0.3ms
[5.826s][info][gc,phases   ] GC(31)   Other: 0.3ms
[5.826s][info][gc,heap     ] GC(31) Eden regions: 1->0(124)
[5.826s][info][gc,heap     ] GC(31) Survivor regions: 1->1(18)
[5.826s][info][gc,heap     ] GC(31) Old regions: 3->3
[5.826s][info][gc,heap     ] GC(31) Archive regions: 0->0
[5.826s][info][gc,heap     ] GC(31) Humongous regions: 120->106
[5.826s][info][gc,metaspace] GC(31) Metaspace: 9661K(9920K)->9661K(9920K) NonClass: 8503K(8640K)->8503K(8640K) Class: 1158K(1280K)->1158K(1280K)
[5.826s][info][gc          ] GC(31) Pause Young (Concurrent Start) (G1 Humongous Allocation) 246M->217M(544M) 1.205ms
[5.826s][info][gc,cpu      ] GC(31) User=0.00s Sys=0.00s Real=0.00s
[5.826s][info][gc          ] GC(32) Concurrent Undo Cycle
[5.826s][info][gc,marking  ] GC(32) Concurrent Cleanup for Next Mark
[5.826s][info][gc,marking  ] GC(32) Concurrent Cleanup for Next Mark 0.630ms
[5.827s][info][gc          ] GC(32) Concurrent Undo Cycle 0.790ms
[6.581s][info][gc,start    ] GC(33) Pause Young (Concurrent Start) (G1 Humongous Allocation)
[6.581s][info][gc,task     ] GC(33) Using 13 workers of 13 for evacuation
[6.582s][info][gc,phases   ] GC(33)   Pre Evacuate Collection Set: 0.2ms
[6.583s][info][gc,phases   ] GC(33)   Merge Heap Roots: 0.1ms
[6.583s][info][gc,phases   ] GC(33)   Evacuate Collection Set: 0.4ms
[6.583s][info][gc,phases   ] GC(33)   Post Evacuate Collection Set: 0.4ms
[6.583s][info][gc,phases   ] GC(33)   Other: 0.3ms
[6.583s][info][gc,heap     ] GC(33) Eden regions: 1->0(130)
[6.583s][info][gc,heap     ] GC(33) Survivor regions: 1->1(16)
[6.583s][info][gc,heap     ] GC(33) Old regions: 3->3
[6.583s][info][gc,heap     ] GC(33) Archive regions: 0->0
[6.583s][info][gc,heap     ] GC(33) Humongous regions: 120->102
[6.583s][info][gc,metaspace] GC(33) Metaspace: 9661K(9920K)->9661K(9920K) NonClass: 8503K(8640K)->8503K(8640K) Class: 1158K(1280K)->1158K(1280K)
[6.583s][info][gc          ] GC(33) Pause Young (Concurrent Start) (G1 Humongous Allocation) 246M->209M(544M) 2.370ms
[6.583s][info][gc,cpu      ] GC(33) User=0.00s Sys=0.00s Real=0.00s
[6.583s][info][gc          ] GC(34) Concurrent Undo Cycle
[6.583s][info][gc,marking  ] GC(34) Concurrent Cleanup for Next Mark
[6.584s][info][gc,marking  ] GC(34) Concurrent Cleanup for Next Mark 0.620ms
[6.584s][info][gc          ] GC(34) Concurrent Undo Cycle 0.676ms
[7.344s][info][gc,start    ] GC(35) Pause Young (Concurrent Start) (G1 Humongous Allocation)
[7.344s][info][gc,task     ] GC(35) Using 13 workers of 13 for evacuation
[7.345s][info][gc,phases   ] GC(35)   Pre Evacuate Collection Set: 0.1ms
[7.345s][info][gc,phases   ] GC(35)   Merge Heap Roots: 0.1ms
[7.345s][info][gc,phases   ] GC(35)   Evacuate Collection Set: 0.3ms
[7.345s][info][gc,phases   ] GC(35)   Post Evacuate Collection Set: 0.2ms
[7.345s][info][gc,phases   ] GC(35)   Other: 0.3ms
[7.345s][info][gc,heap     ] GC(35) Eden regions: 1->0(124)
[7.346s][info][gc,heap     ] GC(35) Survivor regions: 1->1(17)
[7.346s][info][gc,heap     ] GC(35) Old regions: 3->3
[7.346s][info][gc,heap     ] GC(35) Archive regions: 0->0
[7.346s][info][gc,heap     ] GC(35) Humongous regions: 120->110
[7.346s][info][gc,metaspace] GC(35) Metaspace: 9661K(9920K)->9661K(9920K) NonClass: 8503K(8640K)->8503K(8640K) Class: 1158K(1280K)->1158K(1280K)
[7.346s][info][gc          ] GC(35) Pause Young (Concurrent Start) (G1 Humongous Allocation) 246M->225M(544M) 1.299ms
[7.346s][info][gc,cpu      ] GC(35) User=0.00s Sys=0.00s Real=0.00s
[7.346s][info][gc          ] GC(36) Concurrent Undo Cycle
[7.346s][info][gc,marking  ] GC(36) Concurrent Cleanup for Next Mark
[7.346s][info][gc,marking  ] GC(36) Concurrent Cleanup for Next Mark 0.424ms
[7.346s][info][gc          ] GC(36) Concurrent Undo Cycle 0.499ms
[8.114s][info][gc,start    ] GC(37) Pause Young (Concurrent Start) (G1 Humongous Allocation)
[8.114s][info][gc,task     ] GC(37) Using 13 workers of 13 for evacuation
[8.115s][info][gc,phases   ] GC(37)   Pre Evacuate Collection Set: 0.2ms
[8.115s][info][gc,phases   ] GC(37)   Merge Heap Roots: 0.1ms
[8.115s][info][gc,phases   ] GC(37)   Evacuate Collection Set: 0.3ms
[8.115s][info][gc,phases   ] GC(37)   Post Evacuate Collection Set: 0.3ms
[8.115s][info][gc,phases   ] GC(37)   Other: 0.4ms
[8.115s][info][gc,heap     ] GC(37) Eden regions: 1->0(136)
[8.115s][info][gc,heap     ] GC(37) Survivor regions: 1->1(16)
[8.115s][info][gc,heap     ] GC(37) Old regions: 3->3
[8.115s][info][gc,heap     ] GC(37) Archive regions: 0->0
[8.115s][info][gc,heap     ] GC(37) Humongous regions: 120->96
[8.115s][info][gc,metaspace] GC(37) Metaspace: 9661K(9920K)->9661K(9920K) NonClass: 8503K(8640K)->8503K(8640K) Class: 1158K(1280K)->1158K(1280K)
[8.115s][info][gc          ] GC(37) Pause Young (Concurrent Start) (G1 Humongous Allocation) 246M->197M(544M) 1.340ms
[8.115s][info][gc,cpu      ] GC(37) User=0.00s Sys=0.00s Real=0.00s
[8.115s][info][gc          ] GC(38) Concurrent Undo Cycle
[8.115s][info][gc,marking  ] GC(38) Concurrent Cleanup for Next Mark
[8.115s][info][gc,marking  ] GC(38) Concurrent Cleanup for Next Mark 0.430ms
[8.115s][info][gc          ] GC(38) Concurrent Undo Cycle 0.497ms
[9.334s][info][gc,start    ] GC(39) Pause Young (Concurrent Start) (G1 Humongous Allocation)
[9.334s][info][gc,task     ] GC(39) Using 13 workers of 13 for evacuation
[9.335s][info][gc,phases   ] GC(39)   Pre Evacuate Collection Set: 0.1ms
[9.335s][info][gc,phases   ] GC(39)   Merge Heap Roots: 0.1ms
[9.335s][info][gc,phases   ] GC(39)   Evacuate Collection Set: 0.3ms
[9.335s][info][gc,phases   ] GC(39)   Post Evacuate Collection Set: 0.2ms
[9.335s][info][gc,phases   ] GC(39)   Other: 0.2ms
[9.335s][info][gc,heap     ] GC(39) Eden regions: 1->0(130)
[9.335s][info][gc,heap     ] GC(39) Survivor regions: 1->1(18)
[9.335s][info][gc,heap     ] GC(39) Old regions: 3->3
[9.335s][info][gc,heap     ] GC(39) Archive regions: 0->0
[9.335s][info][gc,heap     ] GC(39) Humongous regions: 120->104
[9.335s][info][gc,metaspace] GC(39) Metaspace: 9661K(9920K)->9661K(9920K) NonClass: 8503K(8640K)->8503K(8640K) Class: 1158K(1280K)->1158K(1280K)
[9.335s][info][gc          ] GC(39) Pause Young (Concurrent Start) (G1 Humongous Allocation) 246M->213M(544M) 1.165ms
[9.335s][info][gc,cpu      ] GC(39) User=0.00s Sys=0.00s Real=0.00s
[9.335s][info][gc          ] GC(40) Concurrent Undo Cycle
[9.336s][info][gc,marking  ] GC(40) Concurrent Cleanup for Next Mark
[9.336s][info][gc,marking  ] GC(40) Concurrent Cleanup for Next Mark 0.425ms
[9.336s][info][gc          ] GC(40) Concurrent Undo Cycle 0.510ms
[9.990s][info][gc,start    ] GC(41) Pause Young (Concurrent Start) (G1 Humongous Allocation)
[9.990s][info][gc,task     ] GC(41) Using 13 workers of 13 for evacuation
[9.991s][info][gc,phases   ] GC(41)   Pre Evacuate Collection Set: 0.1ms
[9.991s][info][gc,phases   ] GC(41)   Merge Heap Roots: 0.1ms
[9.991s][info][gc,phases   ] GC(41)   Evacuate Collection Set: 0.4ms
[9.991s][info][gc,phases   ] GC(41)   Post Evacuate Collection Set: 0.3ms
[9.992s][info][gc,phases   ] GC(41)   Other: 0.3ms
[9.992s][info][gc,heap     ] GC(41) Eden regions: 1->0(131)
[9.992s][info][gc,heap     ] GC(41) Survivor regions: 1->1(17)
[9.992s][info][gc,heap     ] GC(41) Old regions: 3->3
[9.992s][info][gc,heap     ] GC(41) Archive regions: 0->0
[9.992s][info][gc,heap     ] GC(41) Humongous regions: 120->104
[9.992s][info][gc,metaspace] GC(41) Metaspace: 9661K(9920K)->9661K(9920K) NonClass: 8503K(8640K)->8503K(8640K) Class: 1158K(1280K)->1158K(1280K)
[9.992s][info][gc          ] GC(41) Pause Young (Concurrent Start) (G1 Humongous Allocation) 246M->213M(544M) 1.358ms
[9.992s][info][gc,cpu      ] GC(41) User=0.00s Sys=0.00s Real=0.00s
[9.992s][info][gc          ] GC(42) Concurrent Undo Cycle
[9.992s][info][gc,marking  ] GC(42) Concurrent Cleanup for Next Mark
[9.992s][info][gc,marking  ] GC(42) Concurrent Cleanup for Next Mark 0.437ms
[9.992s][info][gc          ] GC(42) Concurrent Undo Cycle 0.495ms
[10.559s][info][gc,start    ] GC(43) Pause Young (Concurrent Start) (G1 Humongous Allocation)
[10.559s][info][gc,task     ] GC(43) Using 13 workers of 13 for evacuation
[10.559s][info][gc,phases   ] GC(43)   Pre Evacuate Collection Set: 0.1ms
[10.559s][info][gc,phases   ] GC(43)   Merge Heap Roots: 0.1ms
[10.560s][info][gc,phases   ] GC(43)   Evacuate Collection Set: 0.3ms
[10.560s][info][gc,phases   ] GC(43)   Post Evacuate Collection Set: 0.3ms
[10.560s][info][gc,phases   ] GC(43)   Other: 0.2ms
[10.560s][info][gc,heap     ] GC(43) Eden regions: 1->0(130)
[10.560s][info][gc,heap     ] GC(43) Survivor regions: 1->1(17)
[10.560s][info][gc,heap     ] GC(43) Old regions: 3->3
[10.560s][info][gc,heap     ] GC(43) Archive regions: 0->0
[10.560s][info][gc,heap     ] GC(43) Humongous regions: 120->106
[10.560s][info][gc,metaspace] GC(43) Metaspace: 9661K(9920K)->9661K(9920K) NonClass: 8503K(8640K)->8503K(8640K) Class: 1158K(1280K)->1158K(1280K)
[10.560s][info][gc          ] GC(43) Pause Young (Concurrent Start) (G1 Humongous Allocation) 246M->217M(544M) 1.157ms
[10.560s][info][gc,cpu      ] GC(43) User=0.00s Sys=0.00s Real=0.00s
[10.560s][info][gc          ] GC(44) Concurrent Undo Cycle
[10.560s][info][gc,marking  ] GC(44) Concurrent Cleanup for Next Mark
[10.560s][info][gc,marking  ] GC(44) Concurrent Cleanup for Next Mark 0.450ms
[10.560s][info][gc          ] GC(44) Concurrent Undo Cycle 0.539ms
[11.120s][info][gc,start    ] GC(45) Pause Young (Concurrent Start) (G1 Humongous Allocation)
[11.120s][info][gc,task     ] GC(45) Using 13 workers of 13 for evacuation
[11.122s][info][gc,phases   ] GC(45)   Pre Evacuate Collection Set: 0.2ms
[11.122s][info][gc,phases   ] GC(45)   Merge Heap Roots: 0.1ms
[11.122s][info][gc,phases   ] GC(45)   Evacuate Collection Set: 0.4ms
[11.122s][info][gc,phases   ] GC(45)   Post Evacuate Collection Set: 0.2ms
[11.122s][info][gc,phases   ] GC(45)   Other: 0.4ms
[11.122s][info][gc,heap     ] GC(45) Eden regions: 1->0(123)
[11.122s][info][gc,heap     ] GC(45) Survivor regions: 1->1(17)
[11.122s][info][gc,heap     ] GC(45) Old regions: 3->3
[11.122s][info][gc,heap     ] GC(45) Archive regions: 0->0
[11.122s][info][gc,heap     ] GC(45) Humongous regions: 120->114
[11.122s][info][gc,metaspace] GC(45) Metaspace: 9661K(9920K)->9661K(9920K) NonClass: 8503K(8640K)->8503K(8640K) Class: 1158K(1280K)->1158K(1280K)
[11.122s][info][gc          ] GC(45) Pause Young (Concurrent Start) (G1 Humongous Allocation) 246M->233M(544M) 1.525ms
[11.122s][info][gc,cpu      ] GC(45) User=0.00s Sys=0.00s Real=0.00s
[11.122s][info][gc          ] GC(46) Concurrent Undo Cycle
[11.122s][info][gc,marking  ] GC(46) Concurrent Cleanup for Next Mark
[11.123s][info][gc,marking  ] GC(46) Concurrent Cleanup for Next Mark 0.546ms
[11.123s][info][gc          ] GC(46) Concurrent Undo Cycle 0.611ms
[11.367s][info][gc,start    ] GC(47) Pause Young (Concurrent Start) (G1 Humongous Allocation)
[11.368s][info][gc,task     ] GC(47) Using 13 workers of 13 for evacuation
[11.368s][info][gc,phases   ] GC(47)   Pre Evacuate Collection Set: 0.1ms
[11.369s][info][gc,phases   ] GC(47)   Merge Heap Roots: 0.1ms
[11.369s][info][gc,phases   ] GC(47)   Evacuate Collection Set: 0.3ms
[11.369s][info][gc,phases   ] GC(47)   Post Evacuate Collection Set: 0.3ms
[11.369s][info][gc,phases   ] GC(47)   Other: 0.3ms
[11.369s][info][gc,heap     ] GC(47) Eden regions: 1->0(123)
[11.369s][info][gc,heap     ] GC(47) Survivor regions: 1->1(16)
[11.369s][info][gc,heap     ] GC(47) Old regions: 3->3
[11.369s][info][gc,heap     ] GC(47) Archive regions: 0->0
[11.369s][info][gc,heap     ] GC(47) Humongous regions: 120->114
[11.369s][info][gc,metaspace] GC(47) Metaspace: 9661K(9920K)->9661K(9920K) NonClass: 8503K(8640K)->8503K(8640K) Class: 1158K(1280K)->1158K(1280K)
[11.369s][info][gc          ] GC(47) Pause Young (Concurrent Start) (G1 Humongous Allocation) 246M->233M(544M) 1.315ms
[11.369s][info][gc,cpu      ] GC(47) User=0.00s Sys=0.00s Real=0.00s
[11.369s][info][gc          ] GC(48) Concurrent Undo Cycle
[11.369s][info][gc,marking  ] GC(48) Concurrent Cleanup for Next Mark
[11.369s][info][gc,marking  ] GC(48) Concurrent Cleanup for Next Mark 0.520ms
[11.369s][info][gc          ] GC(48) Concurrent Undo Cycle 0.615ms
[11.662s][info][gc,start    ] GC(49) Pause Young (Concurrent Start) (G1 Humongous Allocation)
[11.662s][info][gc,task     ] GC(49) Using 13 workers of 13 for evacuation
[11.663s][info][gc,phases   ] GC(49)   Pre Evacuate Collection Set: 0.1ms
[11.663s][info][gc,phases   ] GC(49)   Merge Heap Roots: 0.1ms
[11.663s][info][gc,phases   ] GC(49)   Evacuate Collection Set: 0.2ms
[11.663s][info][gc,phases   ] GC(49)   Post Evacuate Collection Set: 0.2ms
[11.663s][info][gc,phases   ] GC(49)   Other: 0.3ms
[11.663s][info][gc,heap     ] GC(49) Eden regions: 1->0(120)
[11.663s][info][gc,heap     ] GC(49) Survivor regions: 1->1(16)
[11.663s][info][gc,heap     ] GC(49) Old regions: 3->3
[11.663s][info][gc,heap     ] GC(49) Archive regions: 0->0
[11.663s][info][gc,heap     ] GC(49) Humongous regions: 120->118
[11.663s][info][gc,metaspace] GC(49) Metaspace: 9661K(9920K)->9661K(9920K) NonClass: 8503K(8640K)->8503K(8640K) Class: 1158K(1280K)->1158K(1280K)
[11.663s][info][gc          ] GC(49) Pause Young (Concurrent Start) (G1 Humongous Allocation) 246M->241M(544M) 1.125ms
[11.663s][info][gc,cpu      ] GC(49) User=0.00s Sys=0.00s Real=0.00s
[11.663s][info][gc          ] GC(50) Concurrent Undo Cycle
[11.663s][info][gc,marking  ] GC(50) Concurrent Cleanup for Next Mark
[11.664s][info][gc,marking  ] GC(50) Concurrent Cleanup for Next Mark 0.553ms
[11.664s][info][gc          ] GC(50) Concurrent Undo Cycle 0.623ms
[11.866s][info][gc,start    ] GC(51) Pause Young (Concurrent Start) (G1 Humongous Allocation)
[11.866s][info][gc,task     ] GC(51) Using 13 workers of 13 for evacuation
[11.867s][info][gc,phases   ] GC(51)   Pre Evacuate Collection Set: 0.1ms
[11.867s][info][gc,phases   ] GC(51)   Merge Heap Roots: 0.0ms
[11.867s][info][gc,phases   ] GC(51)   Evacuate Collection Set: 0.2ms
[11.867s][info][gc,phases   ] GC(51)   Post Evacuate Collection Set: 0.2ms
[11.867s][info][gc,phases   ] GC(51)   Other: 0.2ms
[11.867s][info][gc,heap     ] GC(51) Eden regions: 1->0(122)
[11.867s][info][gc,heap     ] GC(51) Survivor regions: 1->1(16)
[11.867s][info][gc,heap     ] GC(51) Old regions: 3->3
[11.867s][info][gc,heap     ] GC(51) Archive regions: 0->0
[11.867s][info][gc,heap     ] GC(51) Humongous regions: 120->116
[11.867s][info][gc,metaspace] GC(51) Metaspace: 9661K(9920K)->9661K(9920K) NonClass: 8503K(8640K)->8503K(8640K) Class: 1158K(1280K)->1158K(1280K)
[11.867s][info][gc          ] GC(51) Pause Young (Concurrent Start) (G1 Humongous Allocation) 246M->237M(544M) 0.963ms
[11.867s][info][gc,cpu      ] GC(51) User=0.00s Sys=0.00s Real=0.00s
[11.867s][info][gc          ] GC(52) Concurrent Undo Cycle
[11.867s][info][gc,marking  ] GC(52) Concurrent Cleanup for Next Mark
[11.868s][info][gc,marking  ] GC(52) Concurrent Cleanup for Next Mark 0.524ms
[11.868s][info][gc          ] GC(52) Concurrent Undo Cycle 0.595ms
[12.201s][info][gc,start    ] GC(53) Pause Young (Concurrent Start) (G1 Humongous Allocation)
[12.201s][info][gc,task     ] GC(53) Using 13 workers of 13 for evacuation
[12.202s][info][gc,phases   ] GC(53)   Pre Evacuate Collection Set: 0.1ms
[12.202s][info][gc,phases   ] GC(53)   Merge Heap Roots: 0.0ms
[12.202s][info][gc,phases   ] GC(53)   Evacuate Collection Set: 0.2ms
[12.202s][info][gc,phases   ] GC(53)   Post Evacuate Collection Set: 0.2ms
[12.202s][info][gc,phases   ] GC(53)   Other: 0.3ms
[12.202s][info][gc,heap     ] GC(53) Eden regions: 1->0(133)
[12.202s][info][gc,heap     ] GC(53) Survivor regions: 1->1(16)
[12.202s][info][gc,heap     ] GC(53) Old regions: 3->3
[12.202s][info][gc,heap     ] GC(53) Archive regions: 0->0
[12.202s][info][gc,heap     ] GC(53) Humongous regions: 120->104
[12.202s][info][gc,metaspace] GC(53) Metaspace: 9661K(9920K)->9661K(9920K) NonClass: 8503K(8640K)->8503K(8640K) Class: 1158K(1280K)->1158K(1280K)
[12.202s][info][gc          ] GC(53) Pause Young (Concurrent Start) (G1 Humongous Allocation) 246M->213M(544M) 1.056ms
[12.202s][info][gc,cpu      ] GC(53) User=0.00s Sys=0.00s Real=0.00s
[12.202s][info][gc          ] GC(54) Concurrent Undo Cycle
[12.202s][info][gc,marking  ] GC(54) Concurrent Cleanup for Next Mark
[12.202s][info][gc,marking  ] GC(54) Concurrent Cleanup for Next Mark 0.470ms
[12.202s][info][gc          ] GC(54) Concurrent Undo Cycle 0.530ms
[12.884s][info][gc,start    ] GC(55) Pause Young (Concurrent Start) (G1 Humongous Allocation)
[12.885s][info][gc,task     ] GC(55) Using 13 workers of 13 for evacuation
[12.886s][info][gc,phases   ] GC(55)   Pre Evacuate Collection Set: 0.2ms
[12.886s][info][gc,phases   ] GC(55)   Merge Heap Roots: 0.1ms
[12.886s][info][gc,phases   ] GC(55)   Evacuate Collection Set: 0.5ms
[12.886s][info][gc,phases   ] GC(55)   Post Evacuate Collection Set: 0.3ms
[12.886s][info][gc,phases   ] GC(55)   Other: 0.4ms
[12.886s][info][gc,heap     ] GC(55) Eden regions: 1->0(90)
[12.886s][info][gc,heap     ] GC(55) Survivor regions: 1->1(17)
[12.886s][info][gc,heap     ] GC(55) Old regions: 3->3
[12.886s][info][gc,heap     ] GC(55) Archive regions: 0->0
[12.886s][info][gc,heap     ] GC(55) Humongous regions: 120->108
[12.886s][info][gc,metaspace] GC(55) Metaspace: 9661K(9920K)->9661K(9920K) NonClass: 8503K(8640K)->8503K(8640K) Class: 1158K(1280K)->1158K(1280K)
[12.886s][info][gc          ] GC(55) Pause Young (Concurrent Start) (G1 Humongous Allocation) 246M->221M(544M) 1.756ms
[12.886s][info][gc,cpu      ] GC(55) User=0.00s Sys=0.00s Real=0.00s
[12.886s][info][gc          ] GC(56) Concurrent Undo Cycle
[12.886s][info][gc,marking  ] GC(56) Concurrent Cleanup for Next Mark
[12.887s][info][gc,marking  ] GC(56) Concurrent Cleanup for Next Mark 0.441ms
[12.887s][info][gc          ] GC(56) Concurrent Undo Cycle 0.516ms
[13.321s][info][gc,start    ] GC(57) Pause Young (Concurrent Start) (G1 Humongous Allocation)
[13.321s][info][gc,task     ] GC(57) Using 13 workers of 13 for evacuation
[13.322s][info][gc,phases   ] GC(57)   Pre Evacuate Collection Set: 0.2ms
[13.322s][info][gc,phases   ] GC(57)   Merge Heap Roots: 0.1ms
[13.322s][info][gc,phases   ] GC(57)   Evacuate Collection Set: 0.6ms
[13.322s][info][gc,phases   ] GC(57)   Post Evacuate Collection Set: 0.3ms
[13.322s][info][gc,phases   ] GC(57)   Other: 0.4ms
[13.323s][info][gc,heap     ] GC(57) Eden regions: 1->0(108)
[13.323s][info][gc,heap     ] GC(57) Survivor regions: 1->1(12)
[13.323s][info][gc,heap     ] GC(57) Old regions: 3->3
[13.323s][info][gc,heap     ] GC(57) Archive regions: 0->0
[13.323s][info][gc,heap     ] GC(57) Humongous regions: 120->110
[13.323s][info][gc,metaspace] GC(57) Metaspace: 9661K(9920K)->9661K(9920K) NonClass: 8503K(8640K)->8503K(8640K) Class: 1158K(1280K)->1158K(1280K)
[13.323s][info][gc          ] GC(57) Pause Young (Concurrent Start) (G1 Humongous Allocation) 246M->225M(544M) 1.821ms
[13.323s][info][gc,cpu      ] GC(57) User=0.00s Sys=0.00s Real=0.00s
[13.323s][info][gc          ] GC(58) Concurrent Undo Cycle
[13.323s][info][gc,marking  ] GC(58) Concurrent Cleanup for Next Mark
[13.323s][info][gc,marking  ] GC(58) Concurrent Cleanup for Next Mark 0.536ms
[13.323s][info][gc          ] GC(58) Concurrent Undo Cycle 0.637ms
[13.937s][info][gc,start    ] GC(59) Pause Young (Concurrent Start) (G1 Humongous Allocation)
[13.937s][info][gc,task     ] GC(59) Using 13 workers of 13 for evacuation
[13.938s][info][gc,phases   ] GC(59)   Pre Evacuate Collection Set: 0.1ms
[13.938s][info][gc,phases   ] GC(59)   Merge Heap Roots: 0.0ms
[13.938s][info][gc,phases   ] GC(59)   Evacuate Collection Set: 0.2ms
[13.938s][info][gc,phases   ] GC(59)   Post Evacuate Collection Set: 0.2ms
[13.938s][info][gc,phases   ] GC(59)   Other: 0.2ms
[13.938s][info][gc,heap     ] GC(59) Eden regions: 1->0(120)
[13.938s][info][gc,heap     ] GC(59) Survivor regions: 1->0(14)
[13.938s][info][gc,heap     ] GC(59) Old regions: 3->3
[13.938s][info][gc,heap     ] GC(59) Archive regions: 0->0
[13.938s][info][gc,heap     ] GC(59) Humongous regions: 120->102
[13.938s][info][gc,metaspace] GC(59) Metaspace: 9661K(9920K)->9661K(9920K) NonClass: 8503K(8640K)->8503K(8640K) Class: 1158K(1280K)->1158K(1280K)
[13.938s][info][gc          ] GC(59) Pause Young (Concurrent Start) (G1 Humongous Allocation) 246M->209M(544M) 0.931ms
[13.938s][info][gc,cpu      ] GC(59) User=0.00s Sys=0.00s Real=0.00s
[13.938s][info][gc          ] GC(60) Concurrent Undo Cycle
[13.938s][info][gc,marking  ] GC(60) Concurrent Cleanup for Next Mark
[13.939s][info][gc,marking  ] GC(60) Concurrent Cleanup for Next Mark 0.364ms
[13.939s][info][gc          ] GC(60) Concurrent Undo Cycle 0.424ms
[14.393s][info][gc,start    ] GC(61) Pause Young (Concurrent Start) (G1 Humongous Allocation)
[14.393s][info][gc,task     ] GC(61) Using 13 workers of 13 for evacuation
[14.393s][info][gc,phases   ] GC(61)   Pre Evacuate Collection Set: 0.1ms
[14.394s][info][gc,phases   ] GC(61)   Merge Heap Roots: 0.1ms
[14.394s][info][gc,phases   ] GC(61)   Evacuate Collection Set: 0.3ms
[14.394s][info][gc,phases   ] GC(61)   Post Evacuate Collection Set: 0.3ms
[14.394s][info][gc,phases   ] GC(61)   Other: 0.3ms
[14.394s][info][gc,heap     ] GC(61) Eden regions: 1->0(124)
[14.394s][info][gc,heap     ] GC(61) Survivor regions: 0->0(15)
[14.394s][info][gc,heap     ] GC(61) Old regions: 3->3
[14.394s][info][gc,heap     ] GC(61) Archive regions: 0->0
[14.394s][info][gc,heap     ] GC(61) Humongous regions: 120->108
[14.394s][info][gc,metaspace] GC(61) Metaspace: 9661K(9920K)->9661K(9920K) NonClass: 8503K(8640K)->8503K(8640K) Class: 1158K(1280K)->1158K(1280K)
[14.394s][info][gc          ] GC(61) Pause Young (Concurrent Start) (G1 Humongous Allocation) 246M->221M(544M) 1.144ms
[14.394s][info][gc,cpu      ] GC(61) User=0.00s Sys=0.00s Real=0.00s
[14.394s][info][gc          ] GC(62) Concurrent Undo Cycle
[14.394s][info][gc,marking  ] GC(62) Concurrent Cleanup for Next Mark
[14.394s][info][gc,marking  ] GC(62) Concurrent Cleanup for Next Mark 0.697ms
[14.395s][info][gc          ] GC(62) Concurrent Undo Cycle 0.767ms
[14.799s][info][gc,start    ] GC(63) Pause Young (Concurrent Start) (G1 Humongous Allocation)
[14.799s][info][gc,task     ] GC(63) Using 13 workers of 13 for evacuation
[14.801s][info][gc,phases   ] GC(63)   Pre Evacuate Collection Set: 0.2ms
[14.801s][info][gc,phases   ] GC(63)   Merge Heap Roots: 0.3ms
[14.801s][info][gc,phases   ] GC(63)   Evacuate Collection Set: 0.6ms
[14.801s][info][gc,phases   ] GC(63)   Post Evacuate Collection Set: 0.3ms
[14.801s][info][gc,phases   ] GC(63)   Other: 0.4ms
[14.801s][info][gc,heap     ] GC(63) Eden regions: 1->0(122)
[14.801s][info][gc,heap     ] GC(63) Survivor regions: 0->0(16)
[14.801s][info][gc,heap     ] GC(63) Old regions: 3->3
[14.801s][info][gc,heap     ] GC(63) Archive regions: 0->0
[14.801s][info][gc,heap     ] GC(63) Humongous regions: 120->112
[14.801s][info][gc,metaspace] GC(63) Metaspace: 9661K(9920K)->9661K(9920K) NonClass: 8503K(8640K)->8503K(8640K) Class: 1158K(1280K)->1158K(1280K)
[14.801s][info][gc          ] GC(63) Pause Young (Concurrent Start) (G1 Humongous Allocation) 246M->229M(544M) 1.818ms
[14.801s][info][gc,cpu      ] GC(63) User=0.00s Sys=0.00s Real=0.00s
[14.801s][info][gc          ] GC(64) Concurrent Undo Cycle
[14.801s][info][gc,marking  ] GC(64) Concurrent Cleanup for Next Mark
[14.801s][info][gc,marking  ] GC(64) Concurrent Cleanup for Next Mark 0.572ms
[14.801s][info][gc          ] GC(64) Concurrent Undo Cycle 0.660ms
[15.133s][info][gc,start    ] GC(65) Pause Young (Concurrent Start) (G1 Humongous Allocation)
[15.133s][info][gc,task     ] GC(65) Using 13 workers of 13 for evacuation
[15.134s][info][gc,phases   ] GC(65)   Pre Evacuate Collection Set: 0.1ms
[15.134s][info][gc,phases   ] GC(65)   Merge Heap Roots: 0.1ms
[15.134s][info][gc,phases   ] GC(65)   Evacuate Collection Set: 0.3ms
[15.134s][info][gc,phases   ] GC(65)   Post Evacuate Collection Set: 0.2ms
[15.134s][info][gc,phases   ] GC(65)   Other: 0.2ms
[15.134s][info][gc,heap     ] GC(65) Eden regions: 1->0(124)
[15.134s][info][gc,heap     ] GC(65) Survivor regions: 0->1(16)
[15.134s][info][gc,heap     ] GC(65) Old regions: 3->3
[15.134s][info][gc,heap     ] GC(65) Archive regions: 0->0
[15.134s][info][gc,heap     ] GC(65) Humongous regions: 120->108
[15.134s][info][gc,metaspace] GC(65) Metaspace: 9661K(9920K)->9661K(9920K) NonClass: 8503K(8640K)->8503K(8640K) Class: 1158K(1280K)->1158K(1280K)
[15.134s][info][gc          ] GC(65) Pause Young (Concurrent Start) (G1 Humongous Allocation) 246M->221M(544M) 1.159ms
[15.134s][info][gc,cpu      ] GC(65) User=0.00s Sys=0.00s Real=0.00s
[15.134s][info][gc          ] GC(66) Concurrent Undo Cycle
[15.135s][info][gc,marking  ] GC(66) Concurrent Cleanup for Next Mark
[15.135s][info][gc,marking  ] GC(66) Concurrent Cleanup for Next Mark 0.424ms
[15.135s][info][gc          ] GC(66) Concurrent Undo Cycle 0.511ms
[15.367s][info][gc,start    ] GC(67) Pause Young (Concurrent Start) (G1 Humongous Allocation)
[15.367s][info][gc,task     ] GC(67) Using 13 workers of 13 for evacuation
[15.368s][info][gc,phases   ] GC(67)   Pre Evacuate Collection Set: 0.1ms
[15.368s][info][gc,phases   ] GC(67)   Merge Heap Roots: 0.0ms
[15.368s][info][gc,phases   ] GC(67)   Evacuate Collection Set: 0.3ms
[15.368s][info][gc,phases   ] GC(67)   Post Evacuate Collection Set: 0.2ms
[15.368s][info][gc,phases   ] GC(67)   Other: 0.2ms
[15.368s][info][gc,heap     ] GC(67) Eden regions: 1->0(119)
[15.368s][info][gc,heap     ] GC(67) Survivor regions: 1->0(16)
[15.368s][info][gc,heap     ] GC(67) Old regions: 3->3
[15.368s][info][gc,heap     ] GC(67) Archive regions: 0->0
[15.368s][info][gc,heap     ] GC(67) Humongous regions: 120->116
[15.368s][info][gc,metaspace] GC(67) Metaspace: 9661K(9920K)->9661K(9920K) NonClass: 8503K(8640K)->8503K(8640K) Class: 1158K(1280K)->1158K(1280K)
[15.368s][info][gc          ] GC(67) Pause Young (Concurrent Start) (G1 Humongous Allocation) 246M->237M(544M) 1.127ms
[15.368s][info][gc,cpu      ] GC(67) User=0.00s Sys=0.00s Real=0.00s
[15.368s][info][gc          ] GC(68) Concurrent Undo Cycle
[15.368s][info][gc,marking  ] GC(68) Concurrent Cleanup for Next Mark
[15.369s][info][gc,marking  ] GC(68) Concurrent Cleanup for Next Mark 0.461ms
[15.369s][info][gc          ] GC(68) Concurrent Undo Cycle 0.523ms
[15.437s][info][gc,start    ] GC(69) Pause Young (Concurrent Start) (G1 Humongous Allocation)
[15.437s][info][gc,task     ] GC(69) Using 13 workers of 13 for evacuation
[15.438s][info][gc,phases   ] GC(69)   Pre Evacuate Collection Set: 0.2ms
[15.438s][info][gc,phases   ] GC(69)   Merge Heap Roots: 0.1ms
[15.438s][info][gc,phases   ] GC(69)   Evacuate Collection Set: 0.4ms
[15.438s][info][gc,phases   ] GC(69)   Post Evacuate Collection Set: 0.3ms
[15.438s][info][gc,phases   ] GC(69)   Other: 0.4ms
[15.438s][info][gc,heap     ] GC(69) Eden regions: 0->0(117)
[15.438s][info][gc,heap     ] GC(69) Survivor regions: 0->0(15)
[15.438s][info][gc,heap     ] GC(69) Old regions: 3->3
[15.438s][info][gc,heap     ] GC(69) Archive regions: 0->0
[15.438s][info][gc,heap     ] GC(69) Humongous regions: 120->118
[15.438s][info][gc,metaspace] GC(69) Metaspace: 9661K(9920K)->9661K(9920K) NonClass: 8503K(8640K)->8503K(8640K) Class: 1158K(1280K)->1158K(1280K)
[15.438s][info][gc          ] GC(69) Pause Young (Concurrent Start) (G1 Humongous Allocation) 245M->241M(544M) 1.433ms
[15.438s][info][gc,cpu      ] GC(69) User=0.00s Sys=0.00s Real=0.00s
[15.438s][info][gc          ] GC(70) Concurrent Undo Cycle
[15.439s][info][gc,marking  ] GC(70) Concurrent Cleanup for Next Mark
[15.439s][info][gc,marking  ] GC(70) Concurrent Cleanup for Next Mark 0.326ms
[15.439s][info][gc          ] GC(70) Concurrent Undo Cycle 0.379ms
[15.453s][info][gc,start    ] GC(71) Pause Young (Concurrent Start) (G1 Humongous Allocation)
[15.453s][info][gc,task     ] GC(71) Using 13 workers of 13 for evacuation
[15.455s][info][gc,phases   ] GC(71)   Pre Evacuate Collection Set: 0.1ms
[15.455s][info][gc,phases   ] GC(71)   Merge Heap Roots: 0.1ms
[15.455s][info][gc,phases   ] GC(71)   Evacuate Collection Set: 0.4ms
[15.455s][info][gc,phases   ] GC(71)   Post Evacuate Collection Set: 0.3ms
[15.455s][info][gc,phases   ] GC(71)   Other: 0.2ms
[15.455s][info][gc,heap     ] GC(71) Eden regions: 0->0(115)
[15.455s][info][gc,heap     ] GC(71) Survivor regions: 0->0(15)
[15.455s][info][gc,heap     ] GC(71) Old regions: 3->3
[15.455s][info][gc,heap     ] GC(71) Archive regions: 0->0
[15.455s][info][gc,heap     ] GC(71) Humongous regions: 120->120
[15.455s][info][gc,metaspace] GC(71) Metaspace: 9661K(9920K)->9661K(9920K) NonClass: 8503K(8640K)->8503K(8640K) Class: 1158K(1280K)->1158K(1280K)
[15.455s][info][gc          ] GC(71) Pause Young (Concurrent Start) (G1 Humongous Allocation) 245M->245M(544M) 1.480ms
[15.455s][info][gc,cpu      ] GC(71) User=0.00s Sys=0.00s Real=0.00s
[15.455s][info][gc          ] GC(72) Concurrent Mark Cycle
[15.455s][info][gc,marking  ] GC(72) Concurrent Clear Claimed Marks
[15.455s][info][gc,marking  ] GC(72) Concurrent Clear Claimed Marks 0.033ms
[15.455s][info][gc,marking  ] GC(72) Concurrent Scan Root Regions
[15.455s][info][gc,marking  ] GC(72) Concurrent Scan Root Regions 0.028ms
[15.455s][info][gc,marking  ] GC(72) Concurrent Mark
[15.455s][info][gc,marking  ] GC(72) Concurrent Mark From Roots
[15.455s][info][gc,task     ] GC(72) Using 3 workers of 3 for marking
[15.460s][info][gc,marking  ] GC(72) Concurrent Mark From Roots 4.320ms
[15.460s][info][gc,marking  ] GC(72) Concurrent Preclean
[15.460s][info][gc,marking  ] GC(72) Concurrent Preclean 0.193ms
[15.460s][info][gc,start    ] GC(72) Pause Remark
[15.461s][info][gc          ] GC(72) Pause Remark 249M->249M(544M) 1.259ms
[15.461s][info][gc,cpu      ] GC(72) User=0.00s Sys=0.00s Real=0.00s
[15.461s][info][gc,marking  ] GC(72) Concurrent Mark 5.955ms
[15.461s][info][gc,marking  ] GC(72) Concurrent Rebuild Remembered Sets
[15.463s][info][gc,marking  ] GC(72) Concurrent Rebuild Remembered Sets 1.778ms
[15.463s][info][gc,start    ] GC(72) Pause Cleanup
[15.463s][info][gc          ] GC(72) Pause Cleanup 249M->249M(544M) 0.125ms
[15.463s][info][gc,cpu      ] GC(72) User=0.00s Sys=0.00s Real=0.00s
[15.463s][info][gc,marking  ] GC(72) Concurrent Cleanup for Next Mark
[15.464s][info][gc,marking  ] GC(72) Concurrent Cleanup for Next Mark 1.091ms
[15.464s][info][gc          ] GC(72) Concurrent Mark Cycle 9.318ms
[15.610s][info][gc,start    ] GC(73) Pause Young (Concurrent Start) (G1 Humongous Allocation)
[15.610s][info][gc,task     ] GC(73) Using 13 workers of 13 for evacuation
[15.612s][info][gc,phases   ] GC(73)   Pre Evacuate Collection Set: 0.1ms
[15.612s][info][gc,phases   ] GC(73)   Merge Heap Roots: 0.1ms
[15.612s][info][gc,phases   ] GC(73)   Evacuate Collection Set: 0.7ms
[15.612s][info][gc,phases   ] GC(73)   Post Evacuate Collection Set: 0.2ms
[15.612s][info][gc,phases   ] GC(73)   Other: 0.3ms
[15.612s][info][gc,heap     ] GC(73) Eden regions: 1->0(118)
[15.612s][info][gc,heap     ] GC(73) Survivor regions: 0->0(15)
[15.612s][info][gc,heap     ] GC(73) Old regions: 3->3
[15.612s][info][gc,heap     ] GC(73) Archive regions: 0->0
[15.612s][info][gc,heap     ] GC(73) Humongous regions: 122->118
[15.612s][info][gc,metaspace] GC(73) Metaspace: 9661K(9920K)->9661K(9920K) NonClass: 8503K(8640K)->8503K(8640K) Class: 1158K(1280K)->1158K(1280K)
[15.612s][info][gc          ] GC(73) Pause Young (Concurrent Start) (G1 Humongous Allocation) 250M->241M(544M) 1.531ms
[15.612s][info][gc,cpu      ] GC(73) User=0.00s Sys=0.00s Real=0.00s
[15.612s][info][gc          ] GC(74) Concurrent Undo Cycle
[15.612s][info][gc,marking  ] GC(74) Concurrent Cleanup for Next Mark
[15.612s][info][gc,marking  ] GC(74) Concurrent Cleanup for Next Mark 0.382ms
[15.612s][info][gc          ] GC(74) Concurrent Undo Cycle 0.441ms
[15.691s][info][gc,start    ] GC(75) Pause Young (Concurrent Start) (G1 Humongous Allocation)
[15.691s][info][gc,task     ] GC(75) Using 13 workers of 13 for evacuation
[15.692s][info][gc,phases   ] GC(75)   Pre Evacuate Collection Set: 0.2ms
[15.692s][info][gc,phases   ] GC(75)   Merge Heap Roots: 0.1ms
[15.692s][info][gc,phases   ] GC(75)   Evacuate Collection Set: 0.4ms
[15.692s][info][gc,phases   ] GC(75)   Post Evacuate Collection Set: 0.3ms
[15.692s][info][gc,phases   ] GC(75)   Other: 0.5ms
[15.692s][info][gc,heap     ] GC(75) Eden regions: 1->0(117)
[15.692s][info][gc,heap     ] GC(75) Survivor regions: 0->0(15)
[15.692s][info][gc,heap     ] GC(75) Old regions: 3->3
[15.692s][info][gc,heap     ] GC(75) Archive regions: 0->0
[15.692s][info][gc,heap     ] GC(75) Humongous regions: 120->120
[15.692s][info][gc,metaspace] GC(75) Metaspace: 9661K(9920K)->9661K(9920K) NonClass: 8503K(8640K)->8503K(8640K) Class: 1158K(1280K)->1158K(1280K)
[15.692s][info][gc          ] GC(75) Pause Young (Concurrent Start) (G1 Humongous Allocation) 246M->245M(544M) 1.597ms
[15.692s][info][gc,cpu      ] GC(75) User=0.00s Sys=0.00s Real=0.00s
[15.692s][info][gc          ] GC(76) Concurrent Mark Cycle
[15.692s][info][gc,marking  ] GC(76) Concurrent Clear Claimed Marks
[15.692s][info][gc,marking  ] GC(76) Concurrent Clear Claimed Marks 0.035ms
[15.693s][info][gc,marking  ] GC(76) Concurrent Scan Root Regions
[15.693s][info][gc,marking  ] GC(76) Concurrent Scan Root Regions 0.034ms
[15.693s][info][gc,marking  ] GC(76) Concurrent Mark
[15.693s][info][gc,marking  ] GC(76) Concurrent Mark From Roots
[15.693s][info][gc,task     ] GC(76) Using 3 workers of 3 for marking
[15.697s][info][gc,marking  ] GC(76) Concurrent Mark From Roots 4.538ms
[15.697s][info][gc,marking  ] GC(76) Concurrent Preclean
[15.697s][info][gc,marking  ] GC(76) Concurrent Preclean 0.165ms
[15.697s][info][gc,start    ] GC(76) Pause Remark
[15.698s][info][gc          ] GC(76) Pause Remark 249M->249M(544M) 0.782ms
[15.698s][info][gc,cpu      ] GC(76) User=0.00s Sys=0.00s Real=0.00s
[15.698s][info][gc,marking  ] GC(76) Concurrent Mark 5.683ms
[15.698s][info][gc,marking  ] GC(76) Concurrent Rebuild Remembered Sets
[15.700s][info][gc,marking  ] GC(76) Concurrent Rebuild Remembered Sets 1.333ms
[15.700s][info][gc,start    ] GC(76) Pause Cleanup
[15.700s][info][gc          ] GC(76) Pause Cleanup 249M->249M(544M) 0.130ms
[15.700s][info][gc,cpu      ] GC(76) User=0.00s Sys=0.00s Real=0.00s
[15.700s][info][gc,marking  ] GC(76) Concurrent Cleanup for Next Mark
[15.700s][info][gc,marking  ] GC(76) Concurrent Cleanup for Next Mark 0.405ms
[15.700s][info][gc          ] GC(76) Concurrent Mark Cycle 7.968ms
[15.721s][info][gc,start    ] GC(77) Pause Young (Concurrent Start) (G1 Humongous Allocation)
[15.722s][info][gc,task     ] GC(77) Using 13 workers of 13 for evacuation
[15.722s][info][gc,phases   ] GC(77)   Pre Evacuate Collection Set: 0.1ms
[15.722s][info][gc,phases   ] GC(77)   Merge Heap Roots: 0.1ms
[15.722s][info][gc,phases   ] GC(77)   Evacuate Collection Set: 0.2ms
[15.722s][info][gc,phases   ] GC(77)   Post Evacuate Collection Set: 0.2ms
[15.722s][info][gc,phases   ] GC(77)   Other: 0.2ms
[15.722s][info][gc,heap     ] GC(77) Eden regions: 0->0(115)
[15.722s][info][gc,heap     ] GC(77) Survivor regions: 0->0(15)
[15.722s][info][gc,heap     ] GC(77) Old regions: 3->3
[15.722s][info][gc,heap     ] GC(77) Archive regions: 0->0
[15.722s][info][gc,heap     ] GC(77) Humongous regions: 122->122
[15.722s][info][gc,metaspace] GC(77) Metaspace: 9661K(9920K)->9661K(9920K) NonClass: 8503K(8640K)->8503K(8640K) Class: 1158K(1280K)->1158K(1280K)
[15.722s][info][gc          ] GC(77) Pause Young (Concurrent Start) (G1 Humongous Allocation) 249M->249M(544M) 0.902ms
[15.722s][info][gc,cpu      ] GC(77) User=0.00s Sys=0.00s Real=0.00s
[15.722s][info][gc          ] GC(78) Concurrent Mark Cycle
[15.722s][info][gc,marking  ] GC(78) Concurrent Clear Claimed Marks
[15.722s][info][gc,marking  ] GC(78) Concurrent Clear Claimed Marks 0.014ms
[15.722s][info][gc,marking  ] GC(78) Concurrent Scan Root Regions
[15.722s][info][gc,marking  ] GC(78) Concurrent Scan Root Regions 0.012ms
[15.722s][info][gc,marking  ] GC(78) Concurrent Mark
[15.722s][info][gc,marking  ] GC(78) Concurrent Mark From Roots
[15.722s][info][gc,task     ] GC(78) Using 3 workers of 3 for marking
[15.725s][info][gc,marking  ] GC(78) Concurrent Mark From Roots 2.918ms
[15.725s][info][gc,marking  ] GC(78) Concurrent Preclean
[15.726s][info][gc,marking  ] GC(78) Concurrent Preclean 0.154ms
[15.726s][info][gc,start    ] GC(78) Pause Remark
[15.726s][info][gc          ] GC(78) Pause Remark 253M->253M(544M) 0.826ms
[15.727s][info][gc,cpu      ] GC(78) User=0.00s Sys=0.00s Real=0.00s
[15.727s][info][gc,marking  ] GC(78) Concurrent Mark 4.090ms
[15.727s][info][gc,marking  ] GC(78) Concurrent Rebuild Remembered Sets
[15.729s][info][gc,marking  ] GC(78) Concurrent Rebuild Remembered Sets 1.932ms
[15.729s][info][gc,start    ] GC(78) Pause Cleanup
[15.729s][info][gc          ] GC(78) Pause Cleanup 253M->253M(544M) 0.121ms
[15.729s][info][gc,cpu      ] GC(78) User=0.00s Sys=0.00s Real=0.00s
[15.729s][info][gc,marking  ] GC(78) Concurrent Cleanup for Next Mark
[15.729s][info][gc,marking  ] GC(78) Concurrent Cleanup for Next Mark 0.428ms
[15.729s][info][gc          ] GC(78) Concurrent Mark Cycle 6.884ms
[15.762s][info][gc,start    ] GC(79) Pause Young (Concurrent Start) (G1 Humongous Allocation)
[15.762s][info][gc,task     ] GC(79) Using 13 workers of 13 for evacuation
[15.763s][info][gc,phases   ] GC(79)   Pre Evacuate Collection Set: 0.1ms
[15.763s][info][gc,phases   ] GC(79)   Merge Heap Roots: 0.1ms
[15.763s][info][gc,phases   ] GC(79)   Evacuate Collection Set: 0.4ms
[15.763s][info][gc,phases   ] GC(79)   Post Evacuate Collection Set: 0.2ms
[15.763s][info][gc,phases   ] GC(79)   Other: 0.3ms
[15.763s][info][gc,heap     ] GC(79) Eden regions: 0->0(113)
[15.763s][info][gc,heap     ] GC(79) Survivor regions: 0->0(15)
[15.763s][info][gc,heap     ] GC(79) Old regions: 3->3
[15.763s][info][gc,heap     ] GC(79) Archive regions: 0->0
[15.763s][info][gc,heap     ] GC(79) Humongous regions: 124->124
[15.763s][info][gc,metaspace] GC(79) Metaspace: 9661K(9920K)->9661K(9920K) NonClass: 8503K(8640K)->8503K(8640K) Class: 1158K(1280K)->1158K(1280K)
[15.763s][info][gc          ] GC(79) Pause Young (Concurrent Start) (G1 Humongous Allocation) 253M->253M(544M) 1.242ms
[15.763s][info][gc,cpu      ] GC(79) User=0.00s Sys=0.00s Real=0.00s
[15.763s][info][gc          ] GC(80) Concurrent Mark Cycle
[15.763s][info][gc,marking  ] GC(80) Concurrent Clear Claimed Marks
[15.763s][info][gc,marking  ] GC(80) Concurrent Clear Claimed Marks 0.019ms
[15.763s][info][gc,marking  ] GC(80) Concurrent Scan Root Regions
[15.763s][info][gc,marking  ] GC(80) Concurrent Scan Root Regions 0.019ms
[15.763s][info][gc,marking  ] GC(80) Concurrent Mark
[15.763s][info][gc,marking  ] GC(80) Concurrent Mark From Roots
[15.763s][info][gc,task     ] GC(80) Using 3 workers of 3 for marking
[15.767s][info][gc,marking  ] GC(80) Concurrent Mark From Roots 3.946ms
[15.767s][info][gc,marking  ] GC(80) Concurrent Preclean
[15.767s][info][gc,marking  ] GC(80) Concurrent Preclean 0.248ms
[15.767s][info][gc,start    ] GC(80) Pause Remark
[15.768s][info][gc          ] GC(80) Pause Remark 257M->257M(544M) 0.849ms
[15.768s][info][gc,cpu      ] GC(80) User=0.00s Sys=0.00s Real=0.00s
[15.768s][info][gc,marking  ] GC(80) Concurrent Mark 5.228ms
[15.768s][info][gc,marking  ] GC(80) Concurrent Rebuild Remembered Sets
[15.770s][info][gc,marking  ] GC(80) Concurrent Rebuild Remembered Sets 1.184ms
[15.770s][info][gc,start    ] GC(80) Pause Cleanup
[15.770s][info][gc          ] GC(80) Pause Cleanup 257M->257M(544M) 0.097ms
[15.770s][info][gc,cpu      ] GC(80) User=0.00s Sys=0.00s Real=0.00s
[15.770s][info][gc,marking  ] GC(80) Concurrent Cleanup for Next Mark
[15.770s][info][gc,marking  ] GC(80) Concurrent Cleanup for Next Mark 0.398ms
[15.770s][info][gc          ] GC(80) Concurrent Mark Cycle 7.229ms
[15.863s][info][gc,start    ] GC(81) Pause Young (Concurrent Start) (G1 Humongous Allocation)
[15.863s][info][gc,task     ] GC(81) Using 13 workers of 13 for evacuation
[15.866s][info][gc,phases   ] GC(81)   Pre Evacuate Collection Set: 0.2ms
[15.866s][info][gc,phases   ] GC(81)   Merge Heap Roots: 0.1ms
[15.866s][info][gc,phases   ] GC(81)   Evacuate Collection Set: 0.4ms
[15.866s][info][gc,phases   ] GC(81)   Post Evacuate Collection Set: 2.2ms
[15.866s][info][gc,phases   ] GC(81)   Other: 0.4ms
[15.866s][info][gc,heap     ] GC(81) Eden regions: 1->0(194)
[15.866s][info][gc,heap     ] GC(81) Survivor regions: 0->0(15)
[15.866s][info][gc,heap     ] GC(81) Old regions: 3->3
[15.866s][info][gc,heap     ] GC(81) Archive regions: 0->0
[15.866s][info][gc,heap     ] GC(81) Humongous regions: 126->126
[15.866s][info][gc,metaspace] GC(81) Metaspace: 9661K(9920K)->9661K(9920K) NonClass: 8503K(8640K)->8503K(8640K) Class: 1158K(1280K)->1158K(1280K)
[15.866s][info][gc          ] GC(81) Pause Young (Concurrent Start) (G1 Humongous Allocation) 258M->257M(730M) 3.489ms
[15.866s][info][gc,cpu      ] GC(81) User=0.00s Sys=0.00s Real=0.00s
[15.866s][info][gc          ] GC(82) Concurrent Undo Cycle
[15.866s][info][gc,marking  ] GC(82) Concurrent Cleanup for Next Mark
[15.868s][info][gc,marking  ] GC(82) Concurrent Cleanup for Next Mark 1.205ms
[15.868s][info][gc          ] GC(82) Concurrent Undo Cycle 1.301ms
[17.328s][info][gc,start    ] GC(83) Pause Young (Concurrent Start) (G1 Humongous Allocation)
[17.328s][info][gc,task     ] GC(83) Using 13 workers of 13 for evacuation
[17.330s][info][gc,phases   ] GC(83)   Pre Evacuate Collection Set: 0.2ms
[17.330s][info][gc,phases   ] GC(83)   Merge Heap Roots: 0.6ms
[17.330s][info][gc,phases   ] GC(83)   Evacuate Collection Set: 0.3ms
[17.330s][info][gc,phases   ] GC(83)   Post Evacuate Collection Set: 0.2ms
[17.330s][info][gc,phases   ] GC(83)   Other: 0.3ms
[17.330s][info][gc,heap     ] GC(83) Eden regions: 1->0(179)
[17.330s][info][gc,heap     ] GC(83) Survivor regions: 0->0(25)
[17.330s][info][gc,heap     ] GC(83) Old regions: 3->3
[17.330s][info][gc,heap     ] GC(83) Archive regions: 0->0
[17.330s][info][gc,heap     ] GC(83) Humongous regions: 162->142
[17.330s][info][gc,metaspace] GC(83) Metaspace: 9661K(9920K)->9661K(9920K) NonClass: 8503K(8640K)->8503K(8640K) Class: 1158K(1280K)->1158K(1280K)
[17.330s][info][gc          ] GC(83) Pause Young (Concurrent Start) (G1 Humongous Allocation) 330M->289M(730M) 1.909ms
[17.330s][info][gc,cpu      ] GC(83) User=0.00s Sys=0.00s Real=0.00s
[17.330s][info][gc          ] GC(84) Concurrent Undo Cycle
[17.330s][info][gc,marking  ] GC(84) Concurrent Cleanup for Next Mark
[17.331s][info][gc,marking  ] GC(84) Concurrent Cleanup for Next Mark 0.650ms
[17.331s][info][gc          ] GC(84) Concurrent Undo Cycle 0.751ms
[18.103s][info][gc,start    ] GC(85) Pause Young (Concurrent Start) (G1 Humongous Allocation)
[18.103s][info][gc,task     ] GC(85) Using 13 workers of 13 for evacuation
[18.104s][info][gc,phases   ] GC(85)   Pre Evacuate Collection Set: 0.3ms
[18.104s][info][gc,phases   ] GC(85)   Merge Heap Roots: 0.1ms
[18.104s][info][gc,phases   ] GC(85)   Evacuate Collection Set: 0.4ms
[18.104s][info][gc,phases   ] GC(85)   Post Evacuate Collection Set: 0.2ms
[18.104s][info][gc,phases   ] GC(85)   Other: 0.3ms
[18.104s][info][gc,heap     ] GC(85) Eden regions: 1->0(180)
[18.104s][info][gc,heap     ] GC(85) Survivor regions: 0->1(23)
[18.104s][info][gc,heap     ] GC(85) Old regions: 3->3
[18.104s][info][gc,heap     ] GC(85) Archive regions: 0->0
[18.104s][info][gc,heap     ] GC(85) Humongous regions: 162->138
[18.104s][info][gc,metaspace] GC(85) Metaspace: 9661K(9920K)->9661K(9920K) NonClass: 8503K(8640K)->8503K(8640K) Class: 1158K(1280K)->1158K(1280K)
[18.104s][info][gc          ] GC(85) Pause Young (Concurrent Start) (G1 Humongous Allocation) 330M->281M(730M) 1.468ms
[18.104s][info][gc,cpu      ] GC(85) User=0.00s Sys=0.00s Real=0.00s
[18.104s][info][gc          ] GC(86) Concurrent Undo Cycle
[18.104s][info][gc,marking  ] GC(86) Concurrent Cleanup for Next Mark
[18.105s][info][gc,marking  ] GC(86) Concurrent Cleanup for Next Mark 1.044ms
[18.105s][info][gc          ] GC(86) Concurrent Undo Cycle 1.104ms
[19.712s][info][gc,start    ] GC(87) Pause Young (Concurrent Start) (G1 Humongous Allocation)
[19.712s][info][gc,task     ] GC(87) Using 13 workers of 13 for evacuation
[19.713s][info][gc,phases   ] GC(87)   Pre Evacuate Collection Set: 0.1ms
[19.713s][info][gc,phases   ] GC(87)   Merge Heap Roots: 0.1ms
[19.713s][info][gc,phases   ] GC(87)   Evacuate Collection Set: 0.5ms
[19.713s][info][gc,phases   ] GC(87)   Post Evacuate Collection Set: 0.4ms
[19.713s][info][gc,phases   ] GC(87)   Other: 0.2ms
[19.713s][info][gc,heap     ] GC(87) Eden regions: 1->0(193)
[19.713s][info][gc,heap     ] GC(87) Survivor regions: 1->0(23)
[19.714s][info][gc,heap     ] GC(87) Old regions: 3->3
[19.714s][info][gc,heap     ] GC(87) Archive regions: 0->0
[19.714s][info][gc,heap     ] GC(87) Humongous regions: 162->126
[19.714s][info][gc,metaspace] GC(87) Metaspace: 9661K(9920K)->9661K(9920K) NonClass: 8503K(8640K)->8503K(8640K) Class: 1158K(1280K)->1158K(1280K)
[19.714s][info][gc          ] GC(87) Pause Young (Concurrent Start) (G1 Humongous Allocation) 330M->257M(730M) 1.469ms
[19.714s][info][gc,cpu      ] GC(87) User=0.00s Sys=0.00s Real=0.00s
[19.714s][info][gc          ] GC(88) Concurrent Undo Cycle
[19.714s][info][gc,marking  ] GC(88) Concurrent Cleanup for Next Mark
[19.715s][info][gc,marking  ] GC(88) Concurrent Cleanup for Next Mark 0.885ms
[19.715s][info][gc          ] GC(88) Concurrent Undo Cycle 0.967ms
[21.188s][info][gc,start    ] GC(89) Pause Young (Concurrent Start) (G1 Humongous Allocation)
[21.188s][info][gc,task     ] GC(89) Using 13 workers of 13 for evacuation
[21.189s][info][gc,phases   ] GC(89)   Pre Evacuate Collection Set: 0.2ms
[21.189s][info][gc,phases   ] GC(89)   Merge Heap Roots: 0.1ms
[21.189s][info][gc,phases   ] GC(89)   Evacuate Collection Set: 0.4ms
[21.189s][info][gc,phases   ] GC(89)   Post Evacuate Collection Set: 0.3ms
[21.189s][info][gc,phases   ] GC(89)   Other: 0.3ms
[21.189s][info][gc,heap     ] GC(89) Eden regions: 1->0(189)
[21.189s][info][gc,heap     ] GC(89) Survivor regions: 0->0(25)
[21.189s][info][gc,heap     ] GC(89) Old regions: 3->3
[21.189s][info][gc,heap     ] GC(89) Archive regions: 0->0
[21.189s][info][gc,heap     ] GC(89) Humongous regions: 162->132
[21.189s][info][gc,metaspace] GC(89) Metaspace: 9661K(9920K)->9661K(9920K) NonClass: 8503K(8640K)->8503K(8640K) Class: 1158K(1280K)->1158K(1280K)
[21.189s][info][gc          ] GC(89) Pause Young (Concurrent Start) (G1 Humongous Allocation) 330M->269M(730M) 1.461ms
[21.189s][info][gc,cpu      ] GC(89) User=0.00s Sys=0.00s Real=0.00s
[21.189s][info][gc          ] GC(90) Concurrent Undo Cycle
[21.189s][info][gc,marking  ] GC(90) Concurrent Cleanup for Next Mark
[21.190s][info][gc,marking  ] GC(90) Concurrent Cleanup for Next Mark 0.696ms
[21.190s][info][gc          ] GC(90) Concurrent Undo Cycle 0.768ms
[22.920s][info][gc,start    ] GC(91) Pause Young (Concurrent Start) (G1 Humongous Allocation)
[22.920s][info][gc,task     ] GC(91) Using 13 workers of 13 for evacuation
[22.921s][info][gc,phases   ] GC(91)   Pre Evacuate Collection Set: 0.2ms
[22.921s][info][gc,phases   ] GC(91)   Merge Heap Roots: 0.1ms
[22.921s][info][gc,phases   ] GC(91)   Evacuate Collection Set: 0.5ms
[22.921s][info][gc,phases   ] GC(91)   Post Evacuate Collection Set: 0.4ms
[22.921s][info][gc,phases   ] GC(91)   Other: 0.4ms
[22.921s][info][gc,heap     ] GC(91) Eden regions: 1->0(219)
[22.921s][info][gc,heap     ] GC(91) Survivor regions: 0->0(24)
[22.921s][info][gc,heap     ] GC(91) Old regions: 3->3
[22.921s][info][gc,heap     ] GC(91) Archive regions: 0->0
[22.921s][info][gc,heap     ] GC(91) Humongous regions: 162->98
[22.921s][info][gc,metaspace] GC(91) Metaspace: 9661K(9920K)->9661K(9920K) NonClass: 8503K(8640K)->8503K(8640K) Class: 1158K(1280K)->1158K(1280K)
[22.921s][info][gc          ] GC(91) Pause Young (Concurrent Start) (G1 Humongous Allocation) 330M->201M(730M) 1.616ms
[22.921s][info][gc,cpu      ] GC(91) User=0.00s Sys=0.00s Real=0.00s
[22.921s][info][gc          ] GC(92) Concurrent Undo Cycle
[22.922s][info][gc,marking  ] GC(92) Concurrent Cleanup for Next Mark
[22.923s][info][gc,marking  ] GC(92) Concurrent Cleanup for Next Mark 1.383ms
[22.923s][info][gc          ] GC(92) Concurrent Undo Cycle 1.480ms
[25.938s][info][gc,start    ] GC(93) Pause Young (Concurrent Start) (G1 Humongous Allocation)
[25.938s][info][gc,task     ] GC(93) Using 13 workers of 13 for evacuation
[25.939s][info][gc,phases   ] GC(93)   Pre Evacuate Collection Set: 0.2ms
[25.939s][info][gc,phases   ] GC(93)   Merge Heap Roots: 0.1ms
[25.939s][info][gc,phases   ] GC(93)   Evacuate Collection Set: 0.3ms
[25.939s][info][gc,phases   ] GC(93)   Post Evacuate Collection Set: 0.4ms
[25.939s][info][gc,phases   ] GC(93)   Other: 0.3ms
[25.939s][info][gc,heap     ] GC(93) Eden regions: 1->0(219)
[25.939s][info][gc,heap     ] GC(93) Survivor regions: 0->0(28)
[25.939s][info][gc,heap     ] GC(93) Old regions: 3->3
[25.939s][info][gc,heap     ] GC(93) Archive regions: 0->0
[25.939s][info][gc,heap     ] GC(93) Humongous regions: 162->64
[25.939s][info][gc,metaspace] GC(93) Metaspace: 9661K(9920K)->9661K(9920K) NonClass: 8503K(8640K)->8503K(8640K) Class: 1158K(1280K)->1158K(1280K)
[25.939s][info][gc          ] GC(93) Pause Young (Concurrent Start) (G1 Humongous Allocation) 331M->133M(730M) 1.428ms
[25.940s][info][gc,cpu      ] GC(93) User=0.00s Sys=0.00s Real=0.00s
[25.940s][info][gc          ] GC(94) Concurrent Undo Cycle
[25.940s][info][gc,marking  ] GC(94) Concurrent Cleanup for Next Mark
[25.940s][info][gc,marking  ] GC(94) Concurrent Cleanup for Next Mark 0.574ms
[25.940s][info][gc          ] GC(94) Concurrent Undo Cycle 0.646ms
[29.880s][info][gc,start    ] GC(95) Pause Young (Concurrent Start) (G1 Humongous Allocation)
[29.880s][info][gc,task     ] GC(95) Using 13 workers of 13 for evacuation
[29.882s][info][gc,phases   ] GC(95)   Pre Evacuate Collection Set: 0.2ms
[29.882s][info][gc,phases   ] GC(95)   Merge Heap Roots: 0.1ms
[29.882s][info][gc,phases   ] GC(95)   Evacuate Collection Set: 0.4ms
[29.882s][info][gc,phases   ] GC(95)   Post Evacuate Collection Set: 0.4ms
[29.882s][info][gc,phases   ] GC(95)   Other: 0.4ms
[29.882s][info][gc,heap     ] GC(95) Eden regions: 1->0(218)
[29.882s][info][gc,heap     ] GC(95) Survivor regions: 0->1(28)
[29.882s][info][gc,heap     ] GC(95) Old regions: 3->3
[29.882s][info][gc,heap     ] GC(95) Archive regions: 0->0
[29.882s][info][gc,heap     ] GC(95) Humongous regions: 162->60
[29.882s][info][gc,metaspace] GC(95) Metaspace: 9661K(9920K)->9661K(9920K) NonClass: 8503K(8640K)->8503K(8640K) Class: 1158K(1280K)->1158K(1280K)
[29.882s][info][gc          ] GC(95) Pause Young (Concurrent Start) (G1 Humongous Allocation) 331M->125M(730M) 1.695ms
[29.882s][info][gc,cpu      ] GC(95) User=0.00s Sys=0.00s Real=0.00s
[29.882s][info][gc          ] GC(96) Concurrent Undo Cycle
[29.882s][info][gc,marking  ] GC(96) Concurrent Cleanup for Next Mark
[29.883s][info][gc,marking  ] GC(96) Concurrent Cleanup for Next Mark 0.713ms
[29.883s][info][gc          ] GC(96) Concurrent Undo Cycle 0.794ms
[33.606s][info][gc,start    ] GC(97) Pause Young (Concurrent Start) (G1 Humongous Allocation)
[33.606s][info][gc,task     ] GC(97) Using 13 workers of 13 for evacuation
[33.607s][info][gc,phases   ] GC(97)   Pre Evacuate Collection Set: 0.1ms
[33.607s][info][gc,phases   ] GC(97)   Merge Heap Roots: 0.0ms
[33.607s][info][gc,phases   ] GC(97)   Evacuate Collection Set: 0.2ms
[33.607s][info][gc,phases   ] GC(97)   Post Evacuate Collection Set: 0.3ms
[33.607s][info][gc,phases   ] GC(97)   Other: 0.2ms
[33.607s][info][gc,heap     ] GC(97) Eden regions: 1->0(218)
[33.607s][info][gc,heap     ] GC(97) Survivor regions: 1->1(28)
[33.607s][info][gc,heap     ] GC(97) Old regions: 3->3
[33.607s][info][gc,heap     ] GC(97) Archive regions: 0->0
[33.607s][info][gc,heap     ] GC(97) Humongous regions: 162->82
[33.607s][info][gc,metaspace] GC(97) Metaspace: 9661K(9920K)->9661K(9920K) NonClass: 8503K(8640K)->8503K(8640K) Class: 1158K(1280K)->1158K(1280K)
[33.607s][info][gc          ] GC(97) Pause Young (Concurrent Start) (G1 Humongous Allocation) 331M->169M(730M) 1.085ms
[33.608s][info][gc,cpu      ] GC(97) User=0.00s Sys=0.00s Real=0.00s
[33.608s][info][gc          ] GC(98) Concurrent Undo Cycle
[33.608s][info][gc,marking  ] GC(98) Concurrent Cleanup for Next Mark
[33.608s][info][gc,marking  ] GC(98) Concurrent Cleanup for Next Mark 0.652ms
[33.608s][info][gc          ] GC(98) Concurrent Undo Cycle 0.734ms
[38.269s][info][gc,start    ] GC(99) Pause Young (Concurrent Start) (G1 Humongous Allocation)
[38.269s][info][gc,task     ] GC(99) Using 13 workers of 13 for evacuation
[38.270s][info][gc,phases   ] GC(99)   Pre Evacuate Collection Set: 0.2ms
[38.270s][info][gc,phases   ] GC(99)   Merge Heap Roots: 0.1ms
[38.270s][info][gc,phases   ] GC(99)   Evacuate Collection Set: 0.3ms
[38.270s][info][gc,phases   ] GC(99)   Post Evacuate Collection Set: 0.4ms
[38.270s][info][gc,phases   ] GC(99)   Other: 0.3ms
[38.270s][info][gc,heap     ] GC(99) Eden regions: 2->0(218)
[38.270s][info][gc,heap     ] GC(99) Survivor regions: 1->1(28)
[38.270s][info][gc,heap     ] GC(99) Old regions: 3->3
[38.270s][info][gc,heap     ] GC(99) Archive regions: 0->0
[38.270s][info][gc,heap     ] GC(99) Humongous regions: 162->34
[38.270s][info][gc,metaspace] GC(99) Metaspace: 9661K(9920K)->9661K(9920K) NonClass: 8503K(8640K)->8503K(8640K) Class: 1158K(1280K)->1158K(1280K)
[38.270s][info][gc          ] GC(99) Pause Young (Concurrent Start) (G1 Humongous Allocation) 332M->73M(730M) 1.426ms
[38.271s][info][gc,cpu      ] GC(99) User=0.00s Sys=0.00s Real=0.00s
[38.271s][info][gc          ] GC(100) Concurrent Undo Cycle
[38.271s][info][gc,marking  ] GC(100) Concurrent Cleanup for Next Mark
[38.272s][info][gc,marking  ] GC(100) Concurrent Cleanup for Next Mark 0.901ms
[38.272s][info][gc          ] GC(100) Concurrent Undo Cycle 1.002ms
[43.863s][info][gc,start    ] GC(101) Pause Young (Concurrent Start) (G1 Humongous Allocation)
[43.863s][info][gc,task     ] GC(101) Using 13 workers of 13 for evacuation
[43.864s][info][gc,phases   ] GC(101)   Pre Evacuate Collection Set: 0.2ms
[43.864s][info][gc,phases   ] GC(101)   Merge Heap Roots: 0.1ms
[43.864s][info][gc,phases   ] GC(101)   Evacuate Collection Set: 0.3ms
[43.864s][info][gc,phases   ] GC(101)   Post Evacuate Collection Set: 0.3ms
[43.864s][info][gc,phases   ] GC(101)   Other: 0.4ms
[43.864s][info][gc,heap     ] GC(101) Eden regions: 2->0(218)
[43.864s][info][gc,heap     ] GC(101) Survivor regions: 1->1(28)
[43.865s][info][gc,heap     ] GC(101) Old regions: 3->3
[43.865s][info][gc,heap     ] GC(101) Archive regions: 0->0
[43.865s][info][gc,heap     ] GC(101) Humongous regions: 162->30
[43.865s][info][gc,metaspace] GC(101) Metaspace: 9661K(9920K)->9661K(9920K) NonClass: 8503K(8640K)->8503K(8640K) Class: 1158K(1280K)->1158K(1280K)
[43.865s][info][gc          ] GC(101) Pause Young (Concurrent Start) (G1 Humongous Allocation) 332M->65M(730M) 1.336ms
[43.865s][info][gc,cpu      ] GC(101) User=0.00s Sys=0.00s Real=0.00s
[43.865s][info][gc          ] GC(102) Concurrent Undo Cycle
[43.865s][info][gc,marking  ] GC(102) Concurrent Cleanup for Next Mark
[43.865s][info][gc,marking  ] GC(102) Concurrent Cleanup for Next Mark 0.788ms
[43.865s][info][gc          ] GC(102) Concurrent Undo Cycle 0.869ms
[49.513s][info][gc,start    ] GC(103) Pause Young (Concurrent Start) (G1 Humongous Allocation)
[49.513s][info][gc,task     ] GC(103) Using 13 workers of 13 for evacuation
[49.514s][info][gc,phases   ] GC(103)   Pre Evacuate Collection Set: 0.1ms
[49.515s][info][gc,phases   ] GC(103)   Merge Heap Roots: 0.0ms
[49.515s][info][gc,phases   ] GC(103)   Evacuate Collection Set: 0.4ms
[49.515s][info][gc,phases   ] GC(103)   Post Evacuate Collection Set: 0.5ms
[49.515s][info][gc,phases   ] GC(103)   Other: 0.3ms
[49.515s][info][gc,heap     ] GC(103) Eden regions: 2->0(218)
[49.515s][info][gc,heap     ] GC(103) Survivor regions: 1->1(28)
[49.515s][info][gc,heap     ] GC(103) Old regions: 3->3
[49.515s][info][gc,heap     ] GC(103) Archive regions: 0->0
[49.515s][info][gc,heap     ] GC(103) Humongous regions: 162->40
[49.515s][info][gc,metaspace] GC(103) Metaspace: 9661K(9920K)->9661K(9920K) NonClass: 8503K(8640K)->8503K(8640K) Class: 1158K(1280K)->1158K(1280K)
[49.515s][info][gc          ] GC(103) Pause Young (Concurrent Start) (G1 Humongous Allocation) 332M->85M(730M) 1.593ms
[49.515s][info][gc,cpu      ] GC(103) User=0.00s Sys=0.00s Real=0.00s
[49.515s][info][gc          ] GC(104) Concurrent Undo Cycle
[49.515s][info][gc,marking  ] GC(104) Concurrent Cleanup for Next Mark
[49.516s][info][gc,marking  ] GC(104) Concurrent Cleanup for Next Mark 0.941ms
[49.516s][info][gc          ] GC(104) Concurrent Undo Cycle 1.022ms
[54.627s][info][gc,start    ] GC(105) Pause Young (Concurrent Start) (G1 Humongous Allocation)
[54.627s][info][gc,task     ] GC(105) Using 13 workers of 13 for evacuation
[54.628s][info][gc,phases   ] GC(105)   Pre Evacuate Collection Set: 0.1ms
[54.628s][info][gc,phases   ] GC(105)   Merge Heap Roots: 0.1ms
[54.628s][info][gc,phases   ] GC(105)   Evacuate Collection Set: 0.3ms
[54.628s][info][gc,phases   ] GC(105)   Post Evacuate Collection Set: 0.2ms
[54.628s][info][gc,phases   ] GC(105)   Other: 0.2ms
[54.628s][info][gc,heap     ] GC(105) Eden regions: 2->0(218)
[54.628s][info][gc,heap     ] GC(105) Survivor regions: 1->1(28)
[54.628s][info][gc,heap     ] GC(105) Old regions: 3->3
[54.628s][info][gc,heap     ] GC(105) Archive regions: 0->0
[54.628s][info][gc,heap     ] GC(105) Humongous regions: 162->70
[54.628s][info][gc,metaspace] GC(105) Metaspace: 9661K(9920K)->9661K(9920K) NonClass: 8503K(8640K)->8503K(8640K) Class: 1158K(1280K)->1158K(1280K)
[54.628s][info][gc          ] GC(105) Pause Young (Concurrent Start) (G1 Humongous Allocation) 332M->145M(730M) 1.077ms
[54.628s][info][gc,cpu      ] GC(105) User=0.00s Sys=0.00s Real=0.00s
[54.628s][info][gc          ] GC(106) Concurrent Undo Cycle
[54.628s][info][gc,marking  ] GC(106) Concurrent Cleanup for Next Mark
[54.629s][info][gc,marking  ] GC(106) Concurrent Cleanup for Next Mark 0.591ms
[54.629s][info][gc          ] GC(106) Concurrent Undo Cycle 0.650ms
[58.276s][info][gc,start    ] GC(107) Pause Young (Concurrent Start) (G1 Humongous Allocation)
[58.276s][info][gc,task     ] GC(107) Using 13 workers of 13 for evacuation
[58.277s][info][gc,phases   ] GC(107)   Pre Evacuate Collection Set: 0.2ms
[58.277s][info][gc,phases   ] GC(107)   Merge Heap Roots: 0.1ms
[58.277s][info][gc,phases   ] GC(107)   Evacuate Collection Set: 0.4ms
[58.277s][info][gc,phases   ] GC(107)   Post Evacuate Collection Set: 0.3ms
[58.277s][info][gc,phases   ] GC(107)   Other: 0.3ms
[58.277s][info][gc,heap     ] GC(107) Eden regions: 1->0(218)
[58.277s][info][gc,heap     ] GC(107) Survivor regions: 1->1(28)
[58.277s][info][gc,heap     ] GC(107) Old regions: 3->3
[58.277s][info][gc,heap     ] GC(107) Archive regions: 0->0
[58.277s][info][gc,heap     ] GC(107) Humongous regions: 162->74
[58.277s][info][gc,metaspace] GC(107) Metaspace: 9661K(9920K)->9661K(9920K) NonClass: 8503K(8640K)->8503K(8640K) Class: 1158K(1280K)->1158K(1280K)
[58.277s][info][gc          ] GC(107) Pause Young (Concurrent Start) (G1 Humongous Allocation) 331M->153M(730M) 1.446ms
[58.277s][info][gc,cpu      ] GC(107) User=0.00s Sys=0.00s Real=0.00s
[58.277s][info][gc          ] GC(108) Concurrent Undo Cycle
[58.277s][info][gc,marking  ] GC(108) Concurrent Cleanup for Next Mark
[58.278s][info][gc,marking  ] GC(108) Concurrent Cleanup for Next Mark 0.598ms
[58.278s][info][gc          ] GC(108) Concurrent Undo Cycle 0.676ms
[60.659s][info][gc,heap,exit] Heap
[60.659s][info][gc,heap,exit]  garbage-first heap   total 747520K, used 257210K [0x000000070ce00000, 0x0000000800000000)
[60.659s][info][gc,heap,exit]   region size 2048K, 3 young (6144K), 1 survivors (2048K)
[60.659s][info][gc,heap,exit]  Metaspace       used 9663K, committed 9920K, reserved 1114112K
[60.659s][info][gc,heap,exit]   class space    used 1158K, committed 1280K, reserved 1048576K
